Component: ARM Compiler 5.06 update 7 (build 960) Tool: armlink [4d3601]

==============================================================================

Section Cross References

    stm32f4xx_hal_can.o(i.CAN_Receive_IT) refers to bsp_can.o(i.HAL_CAN_RxCpltCallback) for HAL_CAN_RxCpltCallback
    stm32f4xx_hal_can.o(i.HAL_CAN_DeInit) refers to can.o(i.HAL_CAN_MspDeInit) for HAL_CAN_MspDeInit
    stm32f4xx_hal_can.o(i.HAL_CAN_IRQHandler) refers to stm32f4xx_hal_can.o(i.HAL_CAN_TxCpltCallback) for HAL_CAN_TxCpltCallback
    stm32f4xx_hal_can.o(i.HAL_CAN_IRQHandler) refers to stm32f4xx_hal_can.o(i.CAN_Receive_IT) for CAN_Receive_IT
    stm32f4xx_hal_can.o(i.HAL_CAN_IRQHandler) refers to can.o(i.HAL_CAN_ErrorCallback) for HAL_CAN_ErrorCallback
    stm32f4xx_hal_can.o(i.HAL_CAN_Init) refers to can.o(i.HAL_CAN_MspInit) for HAL_CAN_MspInit
    stm32f4xx_hal_can.o(i.HAL_CAN_Init) refers to stm32f4xx_hal.o(i.HAL_GetTick) for HAL_GetTick
    stm32f4xx_hal_can.o(i.HAL_CAN_Receive) refers to stm32f4xx_hal.o(i.HAL_GetTick) for HAL_GetTick
    stm32f4xx_hal_can.o(i.HAL_CAN_Sleep) refers to stm32f4xx_hal.o(i.HAL_GetTick) for HAL_GetTick
    stm32f4xx_hal_can.o(i.HAL_CAN_Transmit) refers to stm32f4xx_hal.o(i.HAL_GetTick) for HAL_GetTick
    stm32f4xx_hal_can.o(i.HAL_CAN_WakeUp) refers to stm32f4xx_hal.o(i.HAL_GetTick) for HAL_GetTick
    stm32f4xx_hal_gpio.o(i.HAL_GPIO_EXTI_IRQHandler) refers to stm32f4xx_hal_gpio.o(i.HAL_GPIO_EXTI_Callback) for HAL_GPIO_EXTI_Callback
    stm32f4xx_hal_flash.o(i.FLASH_SetErrorCode) refers to stm32f4xx_hal_flash.o(.bss) for .bss
    stm32f4xx_hal_flash.o(i.FLASH_WaitForLastOperation) refers to stm32f4xx_hal.o(i.HAL_GetTick) for HAL_GetTick
    stm32f4xx_hal_flash.o(i.FLASH_WaitForLastOperation) refers to stm32f4xx_hal_flash.o(i.FLASH_SetErrorCode) for FLASH_SetErrorCode
    stm32f4xx_hal_flash.o(i.FLASH_WaitForLastOperation) refers to stm32f4xx_hal_flash.o(.bss) for .bss
    stm32f4xx_hal_flash.o(i.HAL_FLASH_GetError) refers to stm32f4xx_hal_flash.o(.bss) for .bss
    stm32f4xx_hal_flash.o(i.HAL_FLASH_IRQHandler) refers to stm32f4xx_hal_flash.o(i.FLASH_SetErrorCode) for FLASH_SetErrorCode
    stm32f4xx_hal_flash.o(i.HAL_FLASH_IRQHandler) refers to stm32f4xx_hal_flash.o(i.HAL_FLASH_OperationErrorCallback) for HAL_FLASH_OperationErrorCallback
    stm32f4xx_hal_flash.o(i.HAL_FLASH_IRQHandler) refers to stm32f4xx_hal_flash.o(i.HAL_FLASH_EndOfOperationCallback) for HAL_FLASH_EndOfOperationCallback
    stm32f4xx_hal_flash.o(i.HAL_FLASH_IRQHandler) refers to stm32f4xx_hal_flash_ex.o(i.FLASH_Erase_Sector) for FLASH_Erase_Sector
    stm32f4xx_hal_flash.o(i.HAL_FLASH_IRQHandler) refers to stm32f4xx_hal_flash_ex.o(i.FLASH_FlushCaches) for FLASH_FlushCaches
    stm32f4xx_hal_flash.o(i.HAL_FLASH_IRQHandler) refers to stm32f4xx_hal_flash.o(.bss) for .bss
    stm32f4xx_hal_flash.o(i.HAL_FLASH_OB_Launch) refers to stm32f4xx_hal_flash.o(i.FLASH_WaitForLastOperation) for FLASH_WaitForLastOperation
    stm32f4xx_hal_flash.o(i.HAL_FLASH_Program) refers to stm32f4xx_hal_flash.o(i.FLASH_WaitForLastOperation) for FLASH_WaitForLastOperation
    stm32f4xx_hal_flash.o(i.HAL_FLASH_Program) refers to stm32f4xx_hal_flash.o(i.FLASH_Program_DoubleWord) for FLASH_Program_DoubleWord
    stm32f4xx_hal_flash.o(i.HAL_FLASH_Program) refers to stm32f4xx_hal_flash.o(i.FLASH_Program_Byte) for FLASH_Program_Byte
    stm32f4xx_hal_flash.o(i.HAL_FLASH_Program) refers to stm32f4xx_hal_flash.o(i.FLASH_Program_HalfWord) for FLASH_Program_HalfWord
    stm32f4xx_hal_flash.o(i.HAL_FLASH_Program) refers to stm32f4xx_hal_flash.o(i.FLASH_Program_Word) for FLASH_Program_Word
    stm32f4xx_hal_flash.o(i.HAL_FLASH_Program) refers to stm32f4xx_hal_flash.o(.bss) for .bss
    stm32f4xx_hal_flash.o(i.HAL_FLASH_Program_IT) refers to stm32f4xx_hal_flash.o(i.FLASH_Program_DoubleWord) for FLASH_Program_DoubleWord
    stm32f4xx_hal_flash.o(i.HAL_FLASH_Program_IT) refers to stm32f4xx_hal_flash.o(i.FLASH_Program_Byte) for FLASH_Program_Byte
    stm32f4xx_hal_flash.o(i.HAL_FLASH_Program_IT) refers to stm32f4xx_hal_flash.o(i.FLASH_Program_HalfWord) for FLASH_Program_HalfWord
    stm32f4xx_hal_flash.o(i.HAL_FLASH_Program_IT) refers to stm32f4xx_hal_flash.o(i.FLASH_Program_Word) for FLASH_Program_Word
    stm32f4xx_hal_flash.o(i.HAL_FLASH_Program_IT) refers to stm32f4xx_hal_flash.o(.bss) for .bss
    stm32f4xx_hal_flash_ex.o(i.FLASH_OB_DisableWRP) refers to stm32f4xx_hal_flash.o(i.FLASH_WaitForLastOperation) for FLASH_WaitForLastOperation
    stm32f4xx_hal_flash_ex.o(i.FLASH_OB_EnableWRP) refers to stm32f4xx_hal_flash.o(i.FLASH_WaitForLastOperation) for FLASH_WaitForLastOperation
    stm32f4xx_hal_flash_ex.o(i.HAL_FLASHEx_AdvOBProgram) refers to stm32f4xx_hal_flash.o(i.FLASH_WaitForLastOperation) for FLASH_WaitForLastOperation
    stm32f4xx_hal_flash_ex.o(i.HAL_FLASHEx_Erase) refers to stm32f4xx_hal_flash.o(i.FLASH_WaitForLastOperation) for FLASH_WaitForLastOperation
[...]
    Removing stm32f4xx_hal_pwr_ex.o(i.HAL_PWREx_EnableBkUpReg), (60 bytes).
    Removing stm32f4xx_hal_pwr_ex.o(i.HAL_PWREx_EnableFlashPowerDown), (12 bytes).
    Removing stm32f4xx_hal_pwr_ex.o(i.HAL_PWREx_EnableOverDrive), (112 bytes).
    Removing stm32f4xx_hal_pwr_ex.o(i.HAL_PWREx_EnterUnderDriveSTOPMode), (96 bytes).
    Removing stm32f4xx_hal_pwr_ex.o(i.HAL_PWREx_GetVoltageRange), (16 bytes).
    Removing stm32f4xx_hal_tim_ex.o(.rev16_text), (4 bytes).
    Removing stm32f4xx_hal_tim_ex.o(.revsh_text), (4 bytes).
    Removing stm32f4xx_hal_tim_ex.o(.rrx_text), (6 bytes).
    Removing stm32f4xx_hal_tim_ex.o(i.HAL_TIMEx_ConfigBreakDeadTime), (90 bytes).
    Removing stm32f4xx_hal_tim_ex.o(i.HAL_TIMEx_ConfigCommutationEvent), (92 bytes).
    Removing stm32f4xx_hal_tim_ex.o(i.HAL_TIMEx_ConfigCommutationEvent_DMA), (124 bytes).
    Removing stm32f4xx_hal_tim_ex.o(i.HAL_TIMEx_ConfigCommutationEvent_IT), (102 bytes).
    Removing stm32f4xx_hal_tim_ex.o(i.HAL_TIMEx_HallSensor_DeInit), (56 bytes).
    Removing stm32f4xx_hal_tim_ex.o(i.HAL_TIMEx_HallSensor_GetState), (6 bytes).
    Removing stm32f4xx_hal_tim_ex.o(i.HAL_TIMEx_HallSensor_Init), (176 bytes).
    Removing stm32f4xx_hal_tim_ex.o(i.HAL_TIMEx_HallSensor_MspDeInit), (2 bytes).
    Removing stm32f4xx_hal_tim_ex.o(i.HAL_TIMEx_HallSensor_MspInit), (2 bytes).
    Removing stm32f4xx_hal_tim_ex.o(i.HAL_TIMEx_HallSensor_Start), (28 bytes).
    Removing stm32f4xx_hal_tim_ex.o(i.HAL_TIMEx_HallSensor_Start_DMA), (104 bytes).
    Removing stm32f4xx_hal_tim_ex.o(i.HAL_TIMEx_HallSensor_Start_IT), (38 bytes).
    Removing stm32f4xx_hal_tim_ex.o(i.HAL_TIMEx_HallSensor_Stop), (46 bytes).
    Removing stm32f4xx_hal_tim_ex.o(i.HAL_TIMEx_HallSensor_Stop_DMA), (56 bytes).
    Removing stm32f4xx_hal_tim_ex.o(i.HAL_TIMEx_HallSensor_Stop_IT), (56 bytes).
    Removing stm32f4xx_hal_tim_ex.o(i.HAL_TIMEx_OCN_Start), (36 bytes).
    Removing stm32f4xx_hal_tim_ex.o(i.HAL_TIMEx_OCN_Start_DMA), (220 bytes).
    Removing stm32f4xx_hal_tim_ex.o(i.HAL_TIMEx_OCN_Start_IT), (96 bytes).
    Removing stm32f4xx_hal_tim_ex.o(i.HAL_TIMEx_OCN_Stop), (68 bytes).
    Removing stm32f4xx_hal_tim_ex.o(i.HAL_TIMEx_OCN_Stop_DMA), (124 bytes).
    Removing stm32f4xx_hal_tim_ex.o(i.HAL_TIMEx_OCN_Stop_IT), (134 bytes).
    Removing stm32f4xx_hal_tim_ex.o(i.HAL_TIMEx_OnePulseN_Start), (26 bytes).
    Removing stm32f4xx_hal_tim_ex.o(i.HAL_TIMEx_OnePulseN_Start_IT), (46 bytes).
    Removing stm32f4xx_hal_tim_ex.o(i.HAL_TIMEx_OnePulseN_Stop), (68 bytes).
    Removing stm32f4xx_hal_tim_ex.o(i.HAL_TIMEx_OnePulseN_Stop_IT), (88 bytes).
    Removing stm32f4xx_hal_tim_ex.o(i.HAL_TIMEx_PWMN_Start), (36 bytes).
    Removing stm32f4xx_hal_tim_ex.o(i.HAL_TIMEx_PWMN_Start_DMA), (220 bytes).
    Removing stm32f4xx_hal_tim_ex.o(i.HAL_TIMEx_PWMN_Start_IT), (96 bytes).
    Removing stm32f4xx_hal_tim_ex.o(i.HAL_TIMEx_PWMN_Stop), (68 bytes).
    Removing stm32f4xx_hal_tim_ex.o(i.HAL_TIMEx_PWMN_Stop_DMA), (124 bytes).
    Removing stm32f4xx_hal_tim_ex.o(i.HAL_TIMEx_PWMN_Stop_IT), (134 bytes).
    Removing stm32f4xx_hal_tim_ex.o(i.HAL_TIMEx_RemapConfig), (34 bytes).
    Removing stm32f4xx_hal_tim_ex.o(i.TIMEx_DMACommutationCplt), (16 bytes).
    Removing stm32f4xx_hal_tim_ex.o(i.TIM_CCxNChannelCmd), (22 bytes).
    Removing stm32f4xx_hal_tim.o(.rev16_text), (4 bytes).
    Removing stm32f4xx_hal_tim.o(.revsh_text), (4 bytes).
    Removing stm32f4xx_hal_tim.o(.rrx_text), (6 bytes).
    Removing stm32f4xx_hal_tim.o(i.HAL_TIM_Base_DeInit), (56 bytes).
    Removing stm32f4xx_hal_tim.o(i.HAL_TIM_Base_GetState), (6 bytes).
    Removing stm32f4xx_hal_tim.o(i.HAL_TIM_Base_MspDeInit), (2 bytes).
    Removing stm32f4xx_hal_tim.o(i.HAL_TIM_Base_MspInit), (2 bytes).
    Removing stm32f4xx_hal_tim.o(i.HAL_TIM_Base_Start_DMA), (92 bytes).
    Removing stm32f4xx_hal_tim.o(i.HAL_TIM_Base_Stop), (44 bytes).
    Removing stm32f4xx_hal_tim.o(i.HAL_TIM_Base_Stop_DMA), (48 bytes).
    Removing stm32f4xx_hal_tim.o(i.HAL_TIM_Base_Stop_IT), (42 bytes).
    Removing stm32f4xx_hal_tim.o(i.HAL_TIM_ConfigOCrefClear), (174 bytes).
    Removing stm32f4xx_hal_tim.o(i.HAL_TIM_ConfigTI1Input), (16 bytes).
    Removing stm32f4xx_hal_tim.o(i.HAL_TIM_DMABurst_ReadStart), (260 bytes).
    Removing stm32f4xx_hal_tim.o(i.HAL_TIM_DMABurst_ReadStop), (96 bytes).
    Removing stm32f4xx_hal_tim.o(i.HAL_TIM_DMABurst_WriteStart), (260 bytes).
    Removing stm32f4xx_hal_tim.o(i.HAL_TIM_DMABurst_WriteStop), (96 bytes).
    Removing stm32f4xx_hal_tim.o(i.HAL_TIM_Encoder_DeInit), (56 bytes).
    Removing stm32f4xx_hal_tim.o(i.HAL_TIM_Encoder_GetState), (6 bytes).
    Removing stm32f4xx_hal_tim.o(i.HAL_TIM_Encoder_Init), (150 bytes).
    Removing stm32f4xx_hal_tim.o(i.HAL_TIM_Encoder_MspDeInit), (2 bytes).
    Removing stm32f4xx_hal_tim.o(i.HAL_TIM_Encoder_MspInit), (2 bytes).
    Removing stm32f4xx_hal_tim.o(i.HAL_TIM_Encoder_Start), (52 bytes).
    Removing stm32f4xx_hal_tim.o(i.HAL_TIM_Encoder_Start_DMA), (272 bytes).
    Removing stm32f4xx_hal_tim.o(i.HAL_TIM_Encoder_Start_IT), (92 bytes).
    Removing stm32f4xx_hal_tim.o(i.HAL_TIM_Encoder_Stop), (70 bytes).
    Removing stm32f4xx_hal_tim.o(i.HAL_TIM_Encoder_Stop_DMA), (116 bytes).
    Removing stm32f4xx_hal_tim.o(i.HAL_TIM_Encoder_Stop_IT), (116 bytes).
    Removing stm32f4xx_hal_tim.o(i.HAL_TIM_GenerateEvent), (38 bytes).
    Removing stm32f4xx_hal_tim.o(i.HAL_TIM_IC_CaptureCallback), (2 bytes).
    Removing stm32f4xx_hal_tim.o(i.HAL_TIM_IC_DeInit), (56 bytes).
    Removing stm32f4xx_hal_tim.o(i.HAL_TIM_IC_GetState), (6 bytes).
    Removing stm32f4xx_hal_tim.o(i.HAL_TIM_IC_MspDeInit), (2 bytes).
    Removing stm32f4xx_hal_tim.o(i.HAL_TIM_IC_MspInit), (2 bytes).
    Removing stm32f4xx_hal_tim.o(i.HAL_TIM_IC_Start), (26 bytes).
    Removing stm32f4xx_hal_tim.o(i.HAL_TIM_IC_Start_IT), (76 bytes).
    Removing stm32f4xx_hal_tim.o(i.HAL_TIM_IC_Stop), (44 bytes).
    Removing stm32f4xx_hal_tim.o(i.HAL_TIM_IC_Stop_DMA), (100 bytes).
    Removing stm32f4xx_hal_tim.o(i.HAL_TIM_IC_Stop_IT), (94 bytes).
    Removing stm32f4xx_hal_tim.o(i.HAL_TIM_OC_ConfigChannel), (86 bytes).
    Removing stm32f4xx_hal_tim.o(i.HAL_TIM_OC_DeInit), (56 bytes).
    Removing stm32f4xx_hal_tim.o(i.HAL_TIM_OC_GetState), (6 bytes).
    Removing stm32f4xx_hal_tim.o(i.HAL_TIM_OC_Init), (54 bytes).
    Removing stm32f4xx_hal_tim.o(i.HAL_TIM_OC_MspDeInit), (2 bytes).
    Removing stm32f4xx_hal_tim.o(i.HAL_TIM_OC_MspInit), (2 bytes).
    Removing stm32f4xx_hal_tim.o(i.HAL_TIM_OC_Start), (56 bytes).
    Removing stm32f4xx_hal_tim.o(i.HAL_TIM_OC_Start_DMA), (240 bytes).
    Removing stm32f4xx_hal_tim.o(i.HAL_TIM_OC_Start_IT), (108 bytes).
    Removing stm32f4xx_hal_tim.o(i.HAL_TIM_OC_Stop), (88 bytes).
    Removing stm32f4xx_hal_tim.o(i.HAL_TIM_OC_Stop_DMA), (144 bytes).
    Removing stm32f4xx_hal_tim.o(i.HAL_TIM_OC_Stop_IT), (136 bytes).
    Removing stm32f4xx_hal_tim.o(i.HAL_TIM_OnePulse_ConfigChannel), (218 bytes).
    Removing stm32f4xx_hal_tim.o(i.HAL_TIM_OnePulse_DeInit), (56 bytes).
    Removing stm32f4xx_hal_tim.o(i.HAL_TIM_OnePulse_GetState), (6 bytes).
    Removing stm32f4xx_hal_tim.o(i.HAL_TIM_OnePulse_Init), (74 bytes).
    Removing stm32f4xx_hal_tim.o(i.HAL_TIM_OnePulse_MspDeInit), (2 bytes).
    Removing stm32f4xx_hal_tim.o(i.HAL_TIM_OnePulse_MspInit), (2 bytes).
    Removing stm32f4xx_hal_tim.o(i.HAL_TIM_OnePulse_Start), (60 bytes).
    Removing stm32f4xx_hal_tim.o(i.HAL_TIM_OnePulse_Start_IT), (80 bytes).
    Removing stm32f4xx_hal_tim.o(i.HAL_TIM_OnePulse_Stop), (100 bytes).
    Removing stm32f4xx_hal_tim.o(i.HAL_TIM_OnePulse_Stop_IT), (120 bytes).
    Removing stm32f4xx_hal_tim.o(i.HAL_TIM_PWM_ConfigChannel), (208 bytes).
    Removing stm32f4xx_hal_tim.o(i.HAL_TIM_PWM_DeInit), (56 bytes).
    Removing stm32f4xx_hal_tim.o(i.HAL_TIM_PWM_GetState), (6 bytes).
    Removing stm32f4xx_hal_tim.o(i.HAL_TIM_PWM_Init), (54 bytes).
    Removing stm32f4xx_hal_tim.o(i.HAL_TIM_PWM_MspDeInit), (2 bytes).
    Removing stm32f4xx_hal_tim.o(i.HAL_TIM_PWM_MspInit), (2 bytes).
    Removing stm32f4xx_hal_tim.o(i.HAL_TIM_PWM_Start), (56 bytes).
    Removing stm32f4xx_hal_tim.o(i.HAL_TIM_PWM_Start_DMA), (240 bytes).
    Removing stm32f4xx_hal_tim.o(i.HAL_TIM_PWM_Start_IT), (108 bytes).
    Removing stm32f4xx_hal_tim.o(i.HAL_TIM_PWM_Stop), (92 bytes).
    Removing stm32f4xx_hal_tim.o(i.HAL_TIM_PWM_Stop_DMA), (144 bytes).
    Removing stm32f4xx_hal_tim.o(i.HAL_TIM_PWM_Stop_IT), (136 bytes).
    Removing stm32f4xx_hal_tim.o(i.HAL_TIM_PeriodElapsedCallback), (2 bytes).
    Removing stm32f4xx_hal_tim.o(i.HAL_TIM_ReadCapturedValue), (68 bytes).
    Removing stm32f4xx_hal_tim.o(i.HAL_TIM_SlaveConfigSynchronization), (66 bytes).
    Removing stm32f4xx_hal_tim.o(i.HAL_TIM_SlaveConfigSynchronization_IT), (66 bytes).
    Removing stm32f4xx_hal_tim.o(i.TIM_DMADelayPulseCplt), (62 bytes).
    Removing stm32f4xx_hal_tim.o(i.TIM_DMAPeriodElapsedCplt), (16 bytes).
    Removing stm32f4xx_hal_tim.o(i.TIM_DMATriggerCplt), (16 bytes).
    Removing stm32f4xx_hal_tim.o(i.TIM_OC1_SetConfig), (88 bytes).
    Removing stm32f4xx_hal_tim.o(i.TIM_OC2_SetConfig), (100 bytes).
    Removing stm32f4xx_hal_tim.o(i.TIM_OC3_SetConfig), (96 bytes).
    Removing stm32f4xx_hal_tim.o(i.TIM_OC4_SetConfig), (80 bytes).
    Removing stm32f4xx_hal_tim.o(i.TIM_SlaveTimer_SetConfig), (124 bytes).
    Removing stm32f4xx_hal_dma_ex.o(.rev16_text), (4 bytes).
    Removing stm32f4xx_hal_dma_ex.o(.revsh_text), (4 bytes).
    Removing stm32f4xx_hal_dma_ex.o(.rrx_text), (6 bytes).
    Removing stm32f4xx_hal_dma_ex.o(i.DMA_MultiBufferSetConfig), (30 bytes).
    Removing stm32f4xx_hal_dma_ex.o(i.HAL_DMAEx_ChangeMemory), (14 bytes).
    Removing stm32f4xx_hal_dma_ex.o(i.HAL_DMAEx_MultiBufferStart), (100 bytes).
    Removing stm32f4xx_hal_dma_ex.o(i.HAL_DMAEx_MultiBufferStart_IT), (2432 bytes).
    Removing stm32f4xx_hal_dma.o(.rev16_text), (4 bytes).
    Removing stm32f4xx_hal_dma.o(.revsh_text), (4 bytes).
    Removing stm32f4xx_hal_dma.o(.rrx_text), (6 bytes).
    Removing stm32f4xx_hal_dma.o(i.HAL_DMA_Abort), (142 bytes).
    Removing stm32f4xx_hal_dma.o(i.HAL_DMA_DeInit), (86 bytes).
    Removing stm32f4xx_hal_dma.o(i.HAL_DMA_GetError), (4 bytes).
    Removing stm32f4xx_hal_dma.o(i.HAL_DMA_GetState), (6 bytes).
    Removing stm32f4xx_hal_dma.o(i.HAL_DMA_PollForTransfer), (292 bytes).
    Removing stm32f4xx_hal_dma.o(i.HAL_DMA_RegisterCallback), (80 bytes).
    Removing stm32f4xx_hal_dma.o(i.HAL_DMA_UnRegisterCallback), (96 bytes).
    Removing stm32f4xx_hal_rcc.o(.rev16_text), (4 bytes).
    Removing stm32f4xx_hal_rcc.o(.revsh_text), (4 bytes).
    Removing stm32f4xx_hal_rcc.o(.rrx_text), (6 bytes).
    Removing stm32f4xx_hal_rcc.o(i.HAL_RCC_CSSCallback), (2 bytes).
    Removing stm32f4xx_hal_rcc.o(i.HAL_RCC_DeInit), (4 bytes).
    Removing stm32f4xx_hal_rcc.o(i.HAL_RCC_DisableCSS), (12 bytes).
    Removing stm32f4xx_hal_rcc.o(i.HAL_RCC_EnableCSS), (12 bytes).
    Removing stm32f4xx_hal_rcc.o(i.HAL_RCC_GetOscConfig), (180 bytes).
    Removing stm32f4xx_hal_rcc.o(i.HAL_RCC_MCOConfig), (140 bytes).
    Removing stm32f4xx_hal_rcc.o(i.HAL_RCC_NMI_IRQHandler), (28 bytes).
    Removing system_stm32f4xx.o(.rev16_text), (4 bytes).
    Removing system_stm32f4xx.o(.revsh_text), (4 bytes).
    Removing system_stm32f4xx.o(.rrx_text), (6 bytes).
    Removing system_stm32f4xx.o(i.SystemCoreClockUpdate), (124 bytes).
    Removing startup_stm32f427xx.o(HEAP), (512 bytes).
    Removing bsp_can.o(.rev16_text), (4 bytes).
    Removing bsp_can.o(.revsh_text), (4 bytes).
    Removing bsp_can.o(.rrx_text), (6 bytes).
    Removing bsp_can.o(i.get_moto_offset), (12 bytes).
    Removing bsp_can.o(i.get_total_angle), (58 bytes).
    Removing pid.o(.rev16_text), (4 bytes).
    Removing pid.o(.revsh_text), (4 bytes).
    Removing pid.o(.rrx_text), (6 bytes).
    Removing pid.o(.bss), (100 bytes).
    Removing pid.o(.bss), (100 bytes).
    Removing pid.o(.bss), (100 bytes).
    Removing pid.o(.bss), (100 bytes).
    Removing pid.o(.bss), (100 bytes).
    Removing main.o(.rev16_text), (4 bytes).
    Removing main.o(.revsh_text), (4 bytes).
    Removing main.o(.rrx_text), (6 bytes).
    Removing main.o(i.Key_Scan), (76 bytes).
    Removing main.o(i.ledrowoutput), (500 bytes).
    Removing main.o(i.wiggle), (2 bytes).
    Removing main.o(.constdata), (4 bytes).
    Removing main.o(.constdata), (1 bytes).
    Removing main.o(.constdata), (4 bytes).
    Removing main.o(.constdata), (4 bytes).
    Removing main.o(.constdata), (4 bytes).
    Removing main.o(.constdata), (4 bytes).
    Removing main.o(.constdata), (4 bytes).
    Removing stm32f4xx_hal_msp.o(.rev16_text), (4 bytes).
    Removing stm32f4xx_hal_msp.o(.revsh_text), (4 bytes).
    Removing stm32f4xx_hal_msp.o(.rrx_text), (6 bytes).
    Removing usart.o(.rev16_text), (4 bytes).
    Removing usart.o(.revsh_text), (4 bytes).
    Removing usart.o(.rrx_text), (6 bytes).
    Removing usart.o(i.HAL_UART_MspDeInit), (60 bytes).
    Removing stm32f4xx_hal_timebase_tim.o(.rev16_text), (4 bytes).
    Removing stm32f4xx_hal_timebase_tim.o(.revsh_text), (4 bytes).
    Removing stm32f4xx_hal_timebase_tim.o(.rrx_text), (6 bytes).
    Removing stm32f4xx_hal_timebase_tim.o(i.HAL_ResumeTick), (20 bytes).
    Removing stm32f4xx_hal_timebase_tim.o(i.HAL_SuspendTick), (20 bytes).
    Removing stm32f4xx_hal_timebase_tim.o(.data), (4 bytes).
    Removing gpio.o(.rev16_text), (4 bytes).
    Removing gpio.o(.revsh_text), (4 bytes).
    Removing gpio.o(.rrx_text), (6 bytes).
    Removing stm32f4xx_it.o(.rev16_text), (4 bytes).
    Removing stm32f4xx_it.o(.revsh_text), (4 bytes).
    Removing stm32f4xx_it.o(.rrx_text), (6 bytes).
    Removing can.o(.rev16_text), (4 bytes).
    Removing can.o(.revsh_text), (4 bytes).
    Removing can.o(.rrx_text), (6 bytes).
    Removing can.o(i.HAL_CAN_MspDeInit), (60 bytes).
    Removing dma.o(.rev16_text), (4 bytes).
    Removing dma.o(.revsh_text), (4 bytes).
    Removing dma.o(.rrx_text), (6 bytes).
    Removing remote_control.o(.rev16_text), (4 bytes).
    Removing remote_control.o(.revsh_text), (4 bytes).
    Removing remote_control.o(.rrx_text), (6 bytes).
    Removing tim.o(.rev16_text), (4 bytes).
    Removing tim.o(.revsh_text), (4 bytes).
    Removing tim.o(.rrx_text), (6 bytes).
    Removing tim.o(i.HAL_TIM_Base_MspDeInit), (28 bytes).
    Removing tim.o(i.HAL_TIM_IC_MspDeInit), (80 bytes).

399 unused section(s) (total 24341 bytes) removed from the image.

==============================================================================

Image Symbol Table

    Local Symbols

    Symbol Name                              Value     Ov Type        Size  Object(Section)

    ../Drivers/STM32F4xx_HAL_Driver/Src/stm32f4xx_hal.c 0x00000000   Number         0  stm32f4xx_hal.o ABSOLUTE
    ../Drivers/STM32F4xx_HAL_Driver/Src/stm32f4xx_hal_can.c 0x00000000   Number         0  stm32f4xx_hal_can.o ABSOLUTE
    ../Drivers/STM32F4xx_HAL_Driver/Src/stm32f4xx_hal_cortex.c 0x00000000   Number         0  stm32f4xx_hal_cortex.o ABSOLUTE
    ../Drivers/STM32F4xx_HAL_Driver/Src/stm32f4xx_hal_dma.c 0x00000000   Number         0  stm32f4xx_hal_dma.o ABSOLUTE
    ../Drivers/STM32F4xx_HAL_Driver/Src/stm32f4xx_hal_dma_ex.c 0x00000000   Number         0  stm32f4xx_hal_dma_ex.o ABSOLUTE
    ../Drivers/STM32F4xx_HAL_Driver/Src/stm32f4xx_hal_flash.c 0x00000000   Number         0  stm32f4xx_hal_flash.o ABSOLUTE
    ../Drivers/STM32F4xx_HAL_Driver/Src/stm32f4xx_hal_flash_ex.c 0x00000000   Number         0  stm32f4xx_hal_flash_ex.o ABSOLUTE
    ../Drivers/STM32F4xx_HAL_Driver/Src/stm32f4xx_hal_flash_ramfunc.c 0x00000000   Number         0  stm32f4xx_hal_flash_ramfunc.o ABSOLUTE
    ../Drivers/STM32F4xx_HAL_Driver/Src/stm32f4xx_hal_gpio.c 0x00000000   Number         0  stm32f4xx_hal_gpio.o ABSOLUTE
    ../Drivers/STM32F4xx_HAL_Driver/Src/stm32f4xx_hal_pwr.c 0x00000000   Number         0  stm32f4xx_hal_pwr.o ABSOLUTE
    ../Drivers/STM32F4xx_HAL_Driver/Src/stm32f4xx_hal_pwr_ex.c 0x00000000   Number         0  stm32f4xx_hal_pwr_ex.o ABSOLUTE
    ../Drivers/STM32F4xx_HAL_Driver/Src/stm32f4xx_hal_rcc.c 0x00000000   Number         0  stm32f4xx_hal_rcc.o ABSOLUTE
    ../Drivers/STM32F4xx_HAL_Driver/Src/stm32f4xx_hal_rcc_ex.c 0x00000000   Number         0  stm32f4xx_hal_rcc_ex.o ABSOLUTE
    ../Drivers/STM32F4xx_HAL_Driver/Src/stm32f4xx_hal_tim.c 0x00000000   Number         0  stm32f4xx_hal_tim.o ABSOLUTE
    ../Drivers/STM32F4xx_HAL_Driver/Src/stm32f4xx_hal_tim_ex.c 0x00000000   Number         0  stm32f4xx_hal_tim_ex.o ABSOLUTE
    ../Drivers/STM32F4xx_HAL_Driver/Src/stm32f4xx_hal_uart.c 0x00000000   Number         0  stm32f4xx_hal_uart.o ABSOLUTE
    ../Src/can.c                             0x00000000   Number         0  can.o ABSOLUTE
    ../Src/dma.c                             0x00000000   Number         0  dma.o ABSOLUTE
    ../Src/gpio.c                            0x00000000   Number         0  gpio.o ABSOLUTE
    ../Src/main.c                            0x00000000   Number         0  main.o ABSOLUTE
    ../Src/stm32f4xx_hal_msp.c               0x00000000   Number         0  stm32f4xx_hal_msp.o ABSOLUTE
    ../Src/stm32f4xx_hal_timebase_TIM.c      0x00000000   Number         0  stm32f4xx_hal_timebase_tim.o ABSOLUTE
    ../Src/stm32f4xx_it.c                    0x00000000   Number         0  stm32f4xx_it.o ABSOLUTE
    ../Src/system_stm32f4xx.c                0x00000000   Number         0  system_stm32f4xx.o ABSOLUTE
    ../Src/tim.c                             0x00000000   Number         0  tim.o ABSOLUTE
    ../Src/usart.c                           0x00000000   Number         0  usart.o ABSOLUTE
    ../clib/microlib/division.c              0x00000000   Number         0  uldiv.o ABSOLUTE
    ../clib/microlib/init/entry.s            0x00000000   Number         0  entry9a.o ABSOLUTE
    ../clib/microlib/init/entry.s            0x00000000   Number         0  entry9b.o ABSOLUTE
    ../clib/microlib/init/entry.s            0x00000000   Number         0  entry10a.o ABSOLUTE
    ../clib/microlib/init/entry.s            0x00000000   Number         0  entry10b.o ABSOLUTE
    ../clib/microlib/init/entry.s            0x00000000   Number         0  entry11a.o ABSOLUTE
    ../clib/microlib/init/entry.s            0x00000000   Number         0  entry11b.o ABSOLUTE
    ../clib/microlib/init/entry.s            0x00000000   Number         0  entry12a.o ABSOLUTE
    ../clib/microlib/init/entry.s            0x00000000   Number         0  entry12b.o ABSOLUTE
    ../clib/microlib/init/entry.s            0x00000000   Number         0  entry7b.o ABSOLUTE
    ../clib/microlib/init/entry.s            0x00000000   Number         0  entry.o ABSOLUTE
    ../clib/microlib/init/entry.s            0x00000000   Number         0  entry2.o ABSOLUTE
    ../clib/microlib/init/entry.s            0x00000000   Number         0  entry5.o ABSOLUTE
    ../clib/microlib/init/entry.s            0x00000000   Number         0  entry7a.o ABSOLUTE
    ../clib/microlib/init/entry.s            0x00000000   Number         0  entry8a.o ABSOLUTE
    ../clib/microlib/init/entry.s            0x00000000   Number         0  entry8b.o ABSOLUTE
    ../clib/microlib/longlong.c              0x00000000   Number         0  llushr.o ABSOLUTE
    ../clib/microlib/longlong.c              0x00000000   Number         0  llshl.o ABSOLUTE
    ..\Drivers\STM32F4xx_HAL_Driver\Src\stm32f4xx_hal.c 0x00000000   Number         0  stm32f4xx_hal.o ABSOLUTE
    ..\Drivers\STM32F4xx_HAL_Driver\Src\stm32f4xx_hal_can.c 0x00000000   Number         0  stm32f4xx_hal_can.o ABSOLUTE
    ..\Drivers\STM32F4xx_HAL_Driver\Src\stm32f4xx_hal_cortex.c 0x00000000   Number         0  stm32f4xx_hal_cortex.o ABSOLUTE
    ..\Drivers\STM32F4xx_HAL_Driver\Src\stm32f4xx_hal_dma.c 0x00000000   Number         0  stm32f4xx_hal_dma.o ABSOLUTE
    ..\Drivers\STM32F4xx_HAL_Driver\Src\stm32f4xx_hal_dma_ex.c 0x00000000   Number         0  stm32f4xx_hal_dma_ex.o ABSOLUTE
    ..\Drivers\STM32F4xx_HAL_Driver\Src\stm32f4xx_hal_flash.c 0x00000000   Number         0  stm32f4xx_hal_flash.o ABSOLUTE
    ..\Drivers\STM32F4xx_HAL_Driver\Src\stm32f4xx_hal_flash_ex.c 0x00000000   Number         0  stm32f4xx_hal_flash_ex.o ABSOLUTE
    ..\Drivers\STM32F4xx_HAL_Driver\Src\stm32f4xx_hal_flash_ramfunc.c 0x00000000   Number         0  stm32f4xx_hal_flash_ramfunc.o ABSOLUTE
    ..\Drivers\STM32F4xx_HAL_Driver\Src\stm32f4xx_hal_gpio.c 0x00000000   Number         0  stm32f4xx_hal_gpio.o ABSOLUTE
    ..\Drivers\STM32F4xx_HAL_Driver\Src\stm32f4xx_hal_pwr.c 0x00000000   Number         0  stm32f4xx_hal_pwr.o ABSOLUTE
    ..\Drivers\STM32F4xx_HAL_Driver\Src\stm32f4xx_hal_pwr_ex.c 0x00000000   Number         0  stm32f4xx_hal_pwr_ex.o ABSOLUTE
    ..\Drivers\STM32F4xx_HAL_Driver\Src\stm32f4xx_hal_rcc.c 0x00000000   Number         0  stm32f4xx_hal_rcc.o ABSOLUTE
    ..\Drivers\STM32F4xx_HAL_Driver\Src\stm32f4xx_hal_rcc_ex.c 0x00000000   Number         0  stm32f4xx_hal_rcc_ex.o ABSOLUTE
    ..\Drivers\STM32F4xx_HAL_Driver\Src\stm32f4xx_hal_tim.c 0x00000000   Number         0  stm32f4xx_hal_tim.o ABSOLUTE
    ..\Drivers\STM32F4xx_HAL_Driver\Src\stm32f4xx_hal_tim_ex.c 0x00000000   Number         0  stm32f4xx_hal_tim_ex.o ABSOLUTE
    ..\Drivers\STM32F4xx_HAL_Driver\Src\stm32f4xx_hal_uart.c 0x00000000   Number         0  stm32f4xx_hal_uart.o ABSOLUTE
    ..\Src\Remote_Control.c                  0x00000000   Number         0  remote_control.o ABSOLUTE
    ..\Src\can.c                             0x00000000   Number         0  can.o ABSOLUTE
    ..\Src\dma.c                             0x00000000   Number         0  dma.o ABSOLUTE
    ..\Src\gpio.c                            0x00000000   Number         0  gpio.o ABSOLUTE
    ..\Src\main.c                            0x00000000   Number         0  main.o ABSOLUTE
    ..\Src\stm32f4xx_hal_msp.c               0x00000000   Number         0  stm32f4xx_hal_msp.o ABSOLUTE
    ..\Src\stm32f4xx_hal_timebase_TIM.c      0x00000000   Number         0  stm32f4xx_hal_timebase_tim.o ABSOLUTE
    ..\Src\stm32f4xx_it.c                    0x00000000   Number         0  stm32f4xx_it.o ABSOLUTE
    ..\Src\system_stm32f4xx.c                0x00000000   Number         0  system_stm32f4xx.o ABSOLUTE
    ..\Src\tim.c                             0x00000000   Number         0  tim.o ABSOLUTE
    ..\Src\usart.c                           0x00000000   Number         0  usart.o ABSOLUTE
    ..\\Src\\Remote_Control.c                0x00000000   Number         0  remote_control.o ABSOLUTE
    bsp\\bsp_can.c                           0x00000000   Number         0  bsp_can.o ABSOLUTE
    bsp\\pid.c                               0x00000000   Number         0  pid.o ABSOLUTE
    bsp\bsp_can.c                            0x00000000   Number         0  bsp_can.o ABSOLUTE
    bsp\pid.c                                0x00000000   Number         0  pid.o ABSOLUTE
    dc.s                                     0x00000000   Number         0  dc.o ABSOLUTE
    handlers.s                               0x00000000   Number         0  handlers.o ABSOLUTE
    init.s                                   0x00000000   Number         0  init.o ABSOLUTE
    startup_stm32f427xx.s                    0x00000000   Number         0  startup_stm32f427xx.o ABSOLUTE
    RESET                                    0x08000000   Section      428  startup_stm32f427xx.o(RESET)
    .ARM.Collect$$$$00000000                 0x080001ac   Section        0  entry.o(.ARM.Collect$$$$00000000)
    .ARM.Collect$$$$00000001                 0x080001ac   Section        4  entry2.o(.ARM.Collect$$$$00000001)
    .ARM.Collect$$$$00000004                 0x080001b0   Section        4  entry5.o(.ARM.Collect$$$$00000004)
    .ARM.Collect$$$$00000008                 0x080001b4   Section        0  entry7b.o(.ARM.Collect$$$$00000008)
    .ARM.Collect$$$$0000000A                 0x080001b4   Section        0  entry8b.o(.ARM.Collect$$$$0000000A)
    .ARM.Collect$$$$0000000B                 0x080001b4   Section        8  entry9a.o(.ARM.Collect$$$$0000000B)
    .ARM.Collect$$$$0000000E                 0x080001bc   Section        4  entry12b.o(.ARM.Collect$$$$0000000E)
    .ARM.Collect$$$$0000000F                 0x080001c0   Section        0  entry10a.o(.ARM.Collect$$$$0000000F)
    .ARM.Collect$$$$00000011                 0x080001c0   Section        0  entry11a.o(.ARM.Collect$$$$00000011)
    .ARM.Collect$$$$00002712                 0x080001c0   Section        4  entry2.o(.ARM.Collect$$$$00002712)
    __lit__00000000                          0x080001c0   Data           4  entry2.o(.ARM.Collect$$$$00002712)
    .text                                    0x080001c4   Section       36  startup_stm32f427xx.o(.text)
    $v0                                      0x080001c4   Number         0  startup_stm32f427xx.o(.text)
    .text                                    0x080001e8   Section        0  uldiv.o(.text)
    .text                                    0x0800024a   Section        0  llshl.o(.text)
    .text                                    0x08000268   Section        0  llushr.o(.text)
    .text                                    0x08000288   Section       36  init.o(.text)
    i.BusFault_Handler                       0x080002ac   Section        0  stm32f4xx_it.o(i.BusFault_Handler)
    i.CAN1_RX0_IRQHandler                    0x080002b0   Section        0  stm32f4xx_it.o(i.CAN1_RX0_IRQHandler)
    i.CAN1_TX_IRQHandler                     0x080002bc   Section        0  stm32f4xx_it.o(i.CAN1_TX_IRQHandler)
    i.CAN_Receive_IT                         0x080002c8   Section        0  stm32f4xx_hal_can.o(i.CAN_Receive_IT)
    CAN_Receive_IT                           0x080002c9   Thumb Code   294  stm32f4xx_hal_can.o(i.CAN_Receive_IT)
    i.Callback_RC_Handle                     0x080003f0   Section        0  remote_control.o(i.Callback_RC_Handle)
    i.DMA2_Stream2_IRQHandler                0x08000480   Section        0  stm32f4xx_it.o(i.DMA2_Stream2_IRQHandler)
    i.DMA2_Stream6_IRQHandler                0x0800048c   Section        0  stm32f4xx_it.o(i.DMA2_Stream6_IRQHandler)
    i.DMA_CalcBaseAndBitshift                0x08000498   Section        0  stm32f4xx_hal_dma.o(i.DMA_CalcBaseAndBitshift)
    DMA_CalcBaseAndBitshift                  0x08000499   Thumb Code    34  stm32f4xx_hal_dma.o(i.DMA_CalcBaseAndBitshift)
    i.DMA_CheckFifoParam                     0x080004c0   Section        0  stm32f4xx_hal_dma.o(i.DMA_CheckFifoParam)
    DMA_CheckFifoParam                       0x080004c1   Thumb Code    84  stm32f4xx_hal_dma.o(i.DMA_CheckFifoParam)
    i.DMA_SetConfig                          0x08000514   Section        0  stm32f4xx_hal_dma.o(i.DMA_SetConfig)
    DMA_SetConfig                            0x08000515   Thumb Code    40  stm32f4xx_hal_dma.o(i.DMA_SetConfig)
    i.DebugMon_Handler                       0x0800053c   Section        0  stm32f4xx_it.o(i.DebugMon_Handler)
    i.HAL_CAN_ConfigFilter                   0x08000540   Section        0  stm32f4xx_hal_can.o(i.HAL_CAN_ConfigFilter)
    i.HAL_CAN_ErrorCallback                  0x08000638   Section        0  can.o(i.HAL_CAN_ErrorCallback)
    i.HAL_CAN_IRQHandler                     0x0800064c   Section        0  stm32f4xx_hal_can.o(i.HAL_CAN_IRQHandler)
    i.HAL_CAN_Init                           0x08000880   Section        0  stm32f4xx_hal_can.o(i.HAL_CAN_Init)
    i.HAL_CAN_MspInit                        0x080009c8   Section        0  can.o(i.HAL_CAN_MspInit)
    i.HAL_CAN_Receive_IT                     0x08000a30   Section        0  stm32f4xx_hal_can.o(i.HAL_CAN_Receive_IT)
    i.HAL_CAN_RxCpltCallback                 0x08000ae4   Section        0  bsp_can.o(i.HAL_CAN_RxCpltCallback)
    i.HAL_CAN_Transmit                       0x08000b54   Section        0  stm32f4xx_hal_can.o(i.HAL_CAN_Transmit)
    i.HAL_CAN_TxCpltCallback                 0x08000d34   Section        0  stm32f4xx_hal_can.o(i.HAL_CAN_TxCpltCallback)
    i.HAL_DMA_Abort_IT                       0x08000d36   Section        0  stm32f4xx_hal_dma.o(i.HAL_DMA_Abort_IT)
    i.HAL_DMA_IRQHandler                     0x08000d5c   Section        0  stm32f4xx_hal_dma.o(i.HAL_DMA_IRQHandler)
    i.HAL_DMA_Init                           0x08000efc   Section        0  stm32f4xx_hal_dma.o(i.HAL_DMA_Init)
    i.HAL_DMA_Start                          0x08000fd0   Section        0  stm32f4xx_hal_dma.o(i.HAL_DMA_Start)
    i.HAL_DMA_Start_IT                       0x08001016   Section        0  stm32f4xx_hal_dma.o(i.HAL_DMA_Start_IT)
    i.HAL_Delay                              0x0800108e   Section        0  stm32f4xx_hal.o(i.HAL_Delay)
    i.HAL_GPIO_Init                          0x080010ac   Section        0  stm32f4xx_hal_gpio.o(i.HAL_GPIO_Init)
    i.HAL_GPIO_ReadPin                       0x08001278   Section        0  stm32f4xx_hal_gpio.o(i.HAL_GPIO_ReadPin)
    i.HAL_GPIO_TogglePin                     0x08001282   Section        0  stm32f4xx_hal_gpio.o(i.HAL_GPIO_TogglePin)
    i.HAL_GPIO_WritePin                      0x0800128a   Section        0  stm32f4xx_hal_gpio.o(i.HAL_GPIO_WritePin)
    i.HAL_GetTick                            0x08001294   Section        0  stm32f4xx_hal.o(i.HAL_GetTick)
    i.HAL_IncTick                            0x080012a0   Section        0  stm32f4xx_hal.o(i.HAL_IncTick)
    i.HAL_Init                               0x080012b0   Section        0  stm32f4xx_hal.o(i.HAL_Init)
    i.HAL_InitTick                           0x080012e4   Section        0  stm32f4xx_hal_timebase_tim.o(i.HAL_InitTick)
    i.HAL_MspInit                            0x08001358   Section        0  stm32f4xx_hal_msp.o(i.HAL_MspInit)
    i.HAL_NVIC_EnableIRQ                     0x080013b0   Section        0  stm32f4xx_hal_cortex.o(i.HAL_NVIC_EnableIRQ)
    i.HAL_NVIC_SetPriority                   0x080013c8   Section        0  stm32f4xx_hal_cortex.o(i.HAL_NVIC_SetPriority)
    i.HAL_NVIC_SetPriorityGrouping           0x08001408   Section        0  stm32f4xx_hal_cortex.o(i.HAL_NVIC_SetPriorityGrouping)
    i.HAL_RCC_ClockConfig                    0x0800142c   Section        0  stm32f4xx_hal_rcc.o(i.HAL_RCC_ClockConfig)
    i.HAL_RCC_GetClockConfig                 0x0800155c   Section        0  stm32f4xx_hal_rcc.o(i.HAL_RCC_GetClockConfig)
    i.HAL_RCC_GetHCLKFreq                    0x0800159c   Section        0  stm32f4xx_hal_rcc.o(i.HAL_RCC_GetHCLKFreq)
    i.HAL_RCC_GetPCLK1Freq                   0x080015a8   Section        0  stm32f4xx_hal_rcc.o(i.HAL_RCC_GetPCLK1Freq)
    i.HAL_RCC_GetPCLK2Freq                   0x080015c8   Section        0  stm32f4xx_hal_rcc.o(i.HAL_RCC_GetPCLK2Freq)
    i.HAL_RCC_GetSysClockFreq                0x080015e8   Section        0  stm32f4xx_hal_rcc.o(i.HAL_RCC_GetSysClockFreq)
    i.HAL_RCC_OscConfig                      0x0800164c   Section        0  stm32f4xx_hal_rcc.o(i.HAL_RCC_OscConfig)
    i.HAL_SYSTICK_CLKSourceConfig            0x0800193c   Section        0  stm32f4xx_hal_cortex.o(i.HAL_SYSTICK_CLKSourceConfig)
    i.HAL_SYSTICK_Callback                   0x08001954   Section        0  stm32f4xx_hal_cortex.o(i.HAL_SYSTICK_Callback)
    i.HAL_SYSTICK_Config                     0x08001956   Section        0  stm32f4xx_hal_cortex.o(i.HAL_SYSTICK_Config)
    i.HAL_SYSTICK_IRQHandler                 0x0800197e   Section        0  stm32f4xx_hal_cortex.o(i.HAL_SYSTICK_IRQHandler)
    i.HAL_TIMEx_BreakCallback                0x08001986   Section        0  stm32f4xx_hal_tim_ex.o(i.HAL_TIMEx_BreakCallback)
    i.HAL_TIMEx_CommutationCallback          0x08001988   Section        0  stm32f4xx_hal_tim_ex.o(i.HAL_TIMEx_CommutationCallback)
    i.HAL_TIMEx_MasterConfigSynchronization  0x0800198a   Section        0  stm32f4xx_hal_tim_ex.o(i.HAL_TIMEx_MasterConfigSynchronization)
    i.HAL_TIM_Base_Init                      0x080019da   Section        0  stm32f4xx_hal_tim.o(i.HAL_TIM_Base_Init)
    i.HAL_TIM_Base_MspInit                   0x08001a10   Section        0  tim.o(i.HAL_TIM_Base_MspInit)
    i.HAL_TIM_Base_Start                     0x08001a38   Section        0  stm32f4xx_hal_tim.o(i.HAL_TIM_Base_Start)
    i.HAL_TIM_Base_Start_IT                  0x08001a52   Section        0  stm32f4xx_hal_tim.o(i.HAL_TIM_Base_Start_IT)
    i.HAL_TIM_ConfigClockSource              0x08001a6a   Section        0  stm32f4xx_hal_tim.o(i.HAL_TIM_ConfigClockSource)
    i.HAL_TIM_ErrorCallback                  0x08001b5c   Section        0  stm32f4xx_hal_tim.o(i.HAL_TIM_ErrorCallback)
    i.HAL_TIM_IC_CaptureCallback             0x08001b60   Section        0  remote_control.o(i.HAL_TIM_IC_CaptureCallback)
    i.HAL_TIM_IC_ConfigChannel               0x08001bb4   Section        0  stm32f4xx_hal_tim.o(i.HAL_TIM_IC_ConfigChannel)
    i.HAL_TIM_IC_Init                        0x08001cd2   Section        0  stm32f4xx_hal_tim.o(i.HAL_TIM_IC_Init)
    i.HAL_TIM_IC_MspInit                     0x08001d08   Section        0  tim.o(i.HAL_TIM_IC_MspInit)
    i.HAL_TIM_IC_Start_DMA                   0x08001dc0   Section        0  stm32f4xx_hal_tim.o(i.HAL_TIM_IC_Start_DMA)
    i.HAL_TIM_IRQHandler                     0x08001e88   Section        0  stm32f4xx_hal_tim.o(i.HAL_TIM_IRQHandler)
    i.HAL_TIM_OC_DelayElapsedCallback        0x08001fee   Section        0  stm32f4xx_hal_tim.o(i.HAL_TIM_OC_DelayElapsedCallback)
    i.HAL_TIM_PWM_PulseFinishedCallback      0x08001ff0   Section        0  stm32f4xx_hal_tim.o(i.HAL_TIM_PWM_PulseFinishedCallback)
    i.HAL_TIM_PeriodElapsedCallback          0x08001ff4   Section        0  main.o(i.HAL_TIM_PeriodElapsedCallback)
    i.HAL_TIM_TriggerCallback                0x08002008   Section        0  stm32f4xx_hal_tim.o(i.HAL_TIM_TriggerCallback)
    i.HAL_UART_ErrorCallback                 0x0800200a   Section        0  stm32f4xx_hal_uart.o(i.HAL_UART_ErrorCallback)
    i.HAL_UART_IDLE_IRQHandler               0x0800200c   Section        0  usart.o(i.HAL_UART_IDLE_IRQHandler)
    i.HAL_UART_IRQHandler                    0x080020ec   Section        0  stm32f4xx_hal_uart.o(i.HAL_UART_IRQHandler)
    i.HAL_UART_Init                          0x080021fc   Section        0  stm32f4xx_hal_uart.o(i.HAL_UART_Init)
    i.HAL_UART_MspInit                       0x08002260   Section        0  usart.o(i.HAL_UART_MspInit)
    i.HAL_UART_Receive_IT_IDLE               0x08002308   Section        0  usart.o(i.HAL_UART_Receive_IT_IDLE)
    i.HAL_UART_RxCpltCallback                0x0800231a   Section        0  stm32f4xx_hal_uart.o(i.HAL_UART_RxCpltCallback)
    i.HAL_UART_TxCpltCallback                0x0800231c   Section        0  stm32f4xx_hal_uart.o(i.HAL_UART_TxCpltCallback)
    i.HardFault_Handler                      0x0800231e   Section        0  stm32f4xx_it.o(i.HardFault_Handler)
    i.MX_CAN1_Init                           0x08002320   Section        0  can.o(i.MX_CAN1_Init)
    i.MX_DMA_Init                            0x0800237c   Section        0  dma.o(i.MX_DMA_Init)
    i.MX_GPIO_Init                           0x080023b8   Section        0  gpio.o(i.MX_GPIO_Init)
    i.MX_TIM1_Init                           0x08002570   Section        0  tim.o(i.MX_TIM1_Init)
    i.MX_TIM4_Init                           0x08002634   Section        0  tim.o(i.MX_TIM4_Init)
    i.MX_USART1_UART_Init                    0x080026b4   Section        0  usart.o(i.MX_USART1_UART_Init)
    i.MemManage_Handler                      0x08002708   Section        0  stm32f4xx_it.o(i.MemManage_Handler)
    i.NMI_Handler                            0x0800270a   Section        0  stm32f4xx_it.o(i.NMI_Handler)
    i.NVIC_SetPriority                       0x0800270c   Section        0  stm32f4xx_hal_cortex.o(i.NVIC_SetPriority)
    NVIC_SetPriority                         0x0800270d   Thumb Code    32  stm32f4xx_hal_cortex.o(i.NVIC_SetPriority)
    i.PendSV_Handler                         0x0800272c   Section        0  stm32f4xx_it.o(i.PendSV_Handler)
    i.SVC_Handler                            0x0800272e   Section        0  stm32f4xx_it.o(i.SVC_Handler)
    i.SysTick_Handler                        0x08002730   Section        0  stm32f4xx_it.o(i.SysTick_Handler)
    i.SystemClock_Config                     0x08002734   Section        0  main.o(i.SystemClock_Config)
    i.SystemInit                             0x080027d4   Section        0  system_stm32f4xx.o(i.SystemInit)
    i.TIM6_DAC_IRQHandler                    0x08002828   Section        0  stm32f4xx_it.o(i.TIM6_DAC_IRQHandler)
    i.TIM_Base_SetConfig                     0x08002834   Section        0  stm32f4xx_hal_tim.o(i.TIM_Base_SetConfig)
    i.TIM_CCxChannelCmd                      0x080028f4   Section        0  stm32f4xx_hal_tim.o(i.TIM_CCxChannelCmd)
    i.TIM_DMACaptureCplt                     0x0800290a   Section        0  stm32f4xx_hal_tim.o(i.TIM_DMACaptureCplt)
    i.TIM_DMAError                           0x08002948   Section        0  stm32f4xx_hal_tim.o(i.TIM_DMAError)
    i.TIM_ETR_SetConfig                      0x08002958   Section        0  stm32f4xx_hal_tim.o(i.TIM_ETR_SetConfig)
    TIM_ETR_SetConfig                        0x08002959   Thumb Code    20  stm32f4xx_hal_tim.o(i.TIM_ETR_SetConfig)
    i.TIM_ITRx_SetConfig                     0x0800296c   Section        0  stm32f4xx_hal_tim.o(i.TIM_ITRx_SetConfig)
    TIM_ITRx_SetConfig                       0x0800296d   Thumb Code    16  stm32f4xx_hal_tim.o(i.TIM_ITRx_SetConfig)
    i.TIM_TI1_ConfigInputStage               0x0800297c   Section        0  stm32f4xx_hal_tim.o(i.TIM_TI1_ConfigInputStage)
    TIM_TI1_ConfigInputStage                 0x0800297d   Thumb Code    34  stm32f4xx_hal_tim.o(i.TIM_TI1_ConfigInputStage)
    i.TIM_TI1_SetConfig                      0x080029a0   Section        0  stm32f4xx_hal_tim.o(i.TIM_TI1_SetConfig)
    i.TIM_TI2_ConfigInputStage               0x08002a24   Section        0  stm32f4xx_hal_tim.o(i.TIM_TI2_ConfigInputStage)
    TIM_TI2_ConfigInputStage                 0x08002a25   Thumb Code    36  stm32f4xx_hal_tim.o(i.TIM_TI2_ConfigInputStage)
    i.TIM_TI2_SetConfig                      0x08002a48   Section        0  stm32f4xx_hal_tim.o(i.TIM_TI2_SetConfig)
    TIM_TI2_SetConfig                        0x08002a49   Thumb Code    54  stm32f4xx_hal_tim.o(i.TIM_TI2_SetConfig)
    i.UART_DMAAbortOnError                   0x08002a7e   Section        0  stm32f4xx_hal_uart.o(i.UART_DMAAbortOnError)
    UART_DMAAbortOnError                     0x08002a7f   Thumb Code    16  stm32f4xx_hal_uart.o(i.UART_DMAAbortOnError)
    i.UART_EndRxTransfer                     0x08002a8e   Section        0  stm32f4xx_hal_uart.o(i.UART_EndRxTransfer)
    UART_EndRxTransfer                       0x08002a8f   Thumb Code    28  stm32f4xx_hal_uart.o(i.UART_EndRxTransfer)
    i.UART_Receive_DMA_NoIT                  0x08002aaa   Section        0  usart.o(i.UART_Receive_DMA_NoIT)
    i.UART_Receive_IT                        0x08002b22   Section        0  stm32f4xx_hal_uart.o(i.UART_Receive_IT)
    UART_Receive_IT                          0x08002b23   Thumb Code   140  stm32f4xx_hal_uart.o(i.UART_Receive_IT)
    i.UART_SetConfig                         0x08002bb0   Section        0  stm32f4xx_hal_uart.o(i.UART_SetConfig)
    UART_SetConfig                           0x08002bb1   Thumb Code   676  stm32f4xx_hal_uart.o(i.UART_SetConfig)
    i.UART_Transmit_IT                       0x08002e5c   Section        0  stm32f4xx_hal_uart.o(i.UART_Transmit_IT)
    UART_Transmit_IT                         0x08002e5d   Thumb Code    98  stm32f4xx_hal_uart.o(i.UART_Transmit_IT)
    i.USART1_IRQHandler                      0x08002ec0   Section        0  stm32f4xx_it.o(i.USART1_IRQHandler)
    i.UsageFault_Handler                     0x08002ed8   Section        0  stm32f4xx_it.o(i.UsageFault_Handler)
    i._Error_Handler                         0x08002eda   Section        0  main.o(i._Error_Handler)
    i.__scatterload_copy                     0x08002edc   Section       14  handlers.o(i.__scatterload_copy)
    i.__scatterload_null                     0x08002eea   Section        2  handlers.o(i.__scatterload_null)
    i.__scatterload_zeroinit                 0x08002eec   Section       14  handlers.o(i.__scatterload_zeroinit)
    i.get_moto_measure                       0x08002efc   Section        0  bsp_can.o(i.get_moto_measure)
    i.main                                   0x08002f64   Section        0  main.o(i.main)
    i.my_can_filter_init_recv_all            0x080036ec   Section        0  bsp_can.o(i.my_can_filter_init_recv_all)
    i.pid_calculate                          0x08003730   Section        0  pid.o(i.pid_calculate)
    pid_calculate                            0x08003731   Thumb Code   250  pid.o(i.pid_calculate)
    i.pid_init                               0x0800382c   Section        0  pid.o(i.pid_init)
    i.pid_param_init                         0x08003848   Section        0  pid.o(i.pid_param_init)
    pid_param_init                           0x08003849   Thumb Code    82  pid.o(i.pid_param_init)
    i.pid_reset                              0x080038a0   Section        0  pid.o(i.pid_reset)
    pid_reset                                0x080038a1   Thumb Code     8  pid.o(i.pid_reset)
    i.set_moto_current                       0x080038a8   Section        0  bsp_can.o(i.set_moto_current)
    .constdata                               0x080038f4   Section        8  stm32f4xx_hal_dma.o(.constdata)
    flagBitshiftOffset                       0x080038f4   Data           8  stm32f4xx_hal_dma.o(.constdata)
    .constdata                               0x080038fc   Section       16  system_stm32f4xx.o(.constdata)
    .constdata                               0x0800390c   Section        8  system_stm32f4xx.o(.constdata)
    .constdata                               0x08003914   Section       36  main.o(.constdata)
    .data                                    0x20000000   Section        4  stm32f4xx_hal.o(.data)
    .data                                    0x20000004   Section        4  system_stm32f4xx.o(.data)
    .data                                    0x20000008   Section        8  bsp_can.o(.data)
    i                                        0x20000008   Data           1  bsp_can.o(.data)
    .data                                    0x20000010   Section       76  main.o(.data)
    key_sta                                  0x20000020   Data           4  main.o(.data)
    .data                                    0x2000005c   Section       12  remote_control.o(.data)
    .bss                                     0x20000068   Section      256  bsp_can.o(.bss)
    Tx1Message                               0x20000128   Data          28  bsp_can.o(.bss)
    Rx1Message                               0x20000144   Data          36  bsp_can.o(.bss)
    .bss                                     0x20000168   Section      400  main.o(.bss)
    .bss                                     0x200002f8   Section      100  usart.o(.bss)
    .bss                                     0x2000035c   Section      160  usart.o(.bss)
    .bss                                     0x200003fc   Section       60  stm32f4xx_hal_timebase_tim.o(.bss)
    .bss                                     0x20000438   Section       68  can.o(.bss)
    .bss                                     0x2000047c   Section       20  remote_control.o(.bss)
    .bss                                     0x20000490   Section      216  tim.o(.bss)
    STACK                                    0x20000568   Section     1024  startup_stm32f427xx.o(STACK)

    Global Symbols

    Symbol Name                              Value     Ov Type        Size  Object(Section)

    BuildAttributes$$THM_ISAv4$E$P$D$K$B$S$7EM$VFPi3$EXTD16$VFPS$VFMA$PE$A:L22UL41UL21$X:L11$S22US41US21$IEEE1$IW$USESV6$~STKCKD$USESV7$~SHL$OSPACE$EBA8$MICROLIB$REQ8$PRES8$EABIv2 0x00000000   Number         0  anon$$obj.o ABSOLUTE
    __ARM_use_no_argv                        0x00000000   Number         0  main.o ABSOLUTE
    __arm_fini_                               - Undefined Weak Reference
    __cpp_initialize__aeabi_                  - Undefined Weak Reference
    __cxa_finalize                            - Undefined Weak Reference
    __decompress                              - Undefined Weak Reference
    _clock_init                               - Undefined Weak Reference
    _microlib_exit                            - Undefined Weak Reference
    __Vectors_Size                           0x000001ac   Number         0  startup_stm32f427xx.o ABSOLUTE
    __Vectors                                0x08000000   Data           4  startup_stm32f427xx.o(RESET)
    __Vectors_End                            0x080001ac   Data           0  startup_stm32f427xx.o(RESET)
    __main                                   0x080001ad   Thumb Code     0  entry.o(.ARM.Collect$$$$00000000)
    _main_stk                                0x080001ad   Thumb Code     0  entry2.o(.ARM.Collect$$$$00000001)
    _main_scatterload                        0x080001b1   Thumb Code     0  entry5.o(.ARM.Collect$$$$00000004)
    __main_after_scatterload                 0x080001b5   Thumb Code     0  entry5.o(.ARM.Collect$$$$00000004)
    _main_clock                              0x080001b5   Thumb Code     0  entry7b.o(.ARM.Collect$$$$00000008)
    _main_cpp_init                           0x080001b5   Thumb Code     0  entry8b.o(.ARM.Collect$$$$0000000A)
    _main_init                               0x080001b5   Thumb Code     0  entry9a.o(.ARM.Collect$$$$0000000B)
    __rt_lib_shutdown_fini                   0x080001bd   Thumb Code     0  entry12b.o(.ARM.Collect$$$$0000000E)
    __rt_final_cpp                           0x080001c1   Thumb Code     0  entry10a.o(.ARM.Collect$$$$0000000F)
    __rt_final_exit                          0x080001c1   Thumb Code     0  entry11a.o(.ARM.Collect$$$$00000011)
    Reset_Handler                            0x080001c5   Thumb Code     8  startup_stm32f427xx.o(.text)
    ADC_IRQHandler                           0x080001df   Thumb Code     0  startup_stm32f427xx.o(.text)
    CAN1_RX1_IRQHandler                      0x080001df   Thumb Code     0  startup_stm32f427xx.o(.text)
    CAN1_SCE_IRQHandler                      0x080001df   Thumb Code     0  startup_stm32f427xx.o(.text)
    CAN2_RX0_IRQHandler                      0x080001df   Thumb Code     0  startup_stm32f427xx.o(.text)
    CAN2_RX1_IRQHandler                      0x080001df   Thumb Code     0  startup_stm32f427xx.o(.text)
    CAN2_SCE_IRQHandler                      0x080001df   Thumb Code     0  startup_stm32f427xx.o(.text)
    CAN2_TX_IRQHandler                       0x080001df   Thumb Code     0  startup_stm32f427xx.o(.text)
    DCMI_IRQHandler                          0x080001df   Thumb Code     0  startup_stm32f427xx.o(.text)
    DMA1_Stream0_IRQHandler                  0x080001df   Thumb Code     0  startup_stm32f427xx.o(.text)
    DMA1_Stream1_IRQHandler                  0x080001df   Thumb Code     0  startup_stm32f427xx.o(.text)
    DMA1_Stream2_IRQHandler                  0x080001df   Thumb Code     0  startup_stm32f427xx.o(.text)
    DMA1_Stream3_IRQHandler                  0x080001df   Thumb Code     0  startup_stm32f427xx.o(.text)
    DMA1_Stream4_IRQHandler                  0x080001df   Thumb Code     0  startup_stm32f427xx.o(.text)
    DMA1_Stream5_IRQHandler                  0x080001df   Thumb Code     0  startup_stm32f427xx.o(.text)
    DMA1_Stream6_IRQHandler                  0x080001df   Thumb Code     0  startup_stm32f427xx.o(.text)
    DMA1_Stream7_IRQHandler                  0x080001df   Thumb Code     0  startup_stm32f427xx.o(.text)
    DMA2D_IRQHandler                         0x080001df   Thumb Code     0  startup_stm32f427xx.o(.text)
    DMA2_Stream0_IRQHandler                  0x080001df   Thumb Code     0  startup_stm32f427xx.o(.text)
    DMA2_Stream1_IRQHandler                  0x080001df   Thumb Code     0  startup_stm32f427xx.o(.text)
    DMA2_Stream3_IRQHandler                  0x080001df   Thumb Code     0  startup_stm32f427xx.o(.text)
    DMA2_Stream4_IRQHandler                  0x080001df   Thumb Code     0  startup_stm32f427xx.o(.text)
    DMA2_Stream5_IRQHandler                  0x080001df   Thumb Code     0  startup_stm32f427xx.o(.text)
    DMA2_Stream7_IRQHandler                  0x080001df   Thumb Code     0  startup_stm32f427xx.o(.text)
    ETH_IRQHandler                           0x080001df   Thumb Code     0  startup_stm32f427xx.o(.text)
    ETH_WKUP_IRQHandler                      0x080001df   Thumb Code     0  startup_stm32f427xx.o(.text)
    EXTI0_IRQHandler                         0x080001df   Thumb Code     0  startup_stm32f427xx.o(.text)
    EXTI15_10_IRQHandler                     0x080001df   Thumb Code     0  startup_stm32f427xx.o(.text)
    EXTI1_IRQHandler                         0x080001df   Thumb Code     0  startup_stm32f427xx.o(.text)
    EXTI2_IRQHandler                         0x080001df   Thumb Code     0  startup_stm32f427xx.o(.text)
    EXTI3_IRQHandler                         0x080001df   Thumb Code     0  startup_stm32f427xx.o(.text)
    EXTI4_IRQHandler                         0x080001df   Thumb Code     0  startup_stm32f427xx.o(.text)
    EXTI9_5_IRQHandler                       0x080001df   Thumb Code     0  startup_stm32f427xx.o(.text)
    FLASH_IRQHandler                         0x080001df   Thumb Code     0  startup_stm32f427xx.o(.text)
    FMC_IRQHandler                           0x080001df   Thumb Code     0  startup_stm32f427xx.o(.text)
    FPU_IRQHandler                           0x080001df   Thumb Code     0  startup_stm32f427xx.o(.text)
    HASH_RNG_IRQHandler                      0x080001df   Thumb Code     0  startup_stm32f427xx.o(.text)
    I2C1_ER_IRQHandler                       0x080001df   Thumb Code     0  startup_stm32f427xx.o(.text)
    I2C1_EV_IRQHandler                       0x080001df   Thumb Code     0  startup_stm32f427xx.o(.text)
    I2C2_ER_IRQHandler                       0x080001df   Thumb Code     0  startup_stm32f427xx.o(.text)
    I2C2_EV_IRQHandler                       0x080001df   Thumb Code     0  startup_stm32f427xx.o(.text)
    I2C3_ER_IRQHandler                       0x080001df   Thumb Code     0  startup_stm32f427xx.o(.text)
    I2C3_EV_IRQHandler                       0x080001df   Thumb Code     0  startup_stm32f427xx.o(.text)
    OTG_FS_IRQHandler                        0x080001df   Thumb Code     0  startup_stm32f427xx.o(.text)
    OTG_FS_WKUP_IRQHandler                   0x080001df   Thumb Code     0  startup_stm32f427xx.o(.text)
    OTG_HS_EP1_IN_IRQHandler                 0x080001df   Thumb Code     0  startup_stm32f427xx.o(.text)
    OTG_HS_EP1_OUT_IRQHandler                0x080001df   Thumb Code     0  startup_stm32f427xx.o(.text)
    OTG_HS_IRQHandler                        0x080001df   Thumb Code     0  startup_stm32f427xx.o(.text)
    OTG_HS_WKUP_IRQHandler                   0x080001df   Thumb Code     0  startup_stm32f427xx.o(.text)
    PVD_IRQHandler                           0x080001df   Thumb Code     0  startup_stm32f427xx.o(.text)
    RCC_IRQHandler                           0x080001df   Thumb Code     0  startup_stm32f427xx.o(.text)
    RTC_Alarm_IRQHandler                     0x080001df   Thumb Code     0  startup_stm32f427xx.o(.text)
    RTC_WKUP_IRQHandler                      0x080001df   Thumb Code     0  startup_stm32f427xx.o(.text)
    SAI1_IRQHandler                          0x080001df   Thumb Code     0  startup_stm32f427xx.o(.text)
    SDIO_IRQHandler                          0x080001df   Thumb Code     0  startup_stm32f427xx.o(.text)
    SPI1_IRQHandler                          0x080001df   Thumb Code     0  startup_stm32f427xx.o(.text)
    SPI2_IRQHandler                          0x080001df   Thumb Code     0  startup_stm32f427xx.o(.text)
    SPI3_IRQHandler                          0x080001df   Thumb Code     0  startup_stm32f427xx.o(.text)
    SPI4_IRQHandler                          0x080001df   Thumb Code     0  startup_stm32f427xx.o(.text)
    SPI5_IRQHandler                          0x080001df   Thumb Code     0  startup_stm32f427xx.o(.text)
    SPI6_IRQHandler                          0x080001df   Thumb Code     0  startup_stm32f427xx.o(.text)
    TAMP_STAMP_IRQHandler                    0x080001df   Thumb Code     0  startup_stm32f427xx.o(.text)
    TIM1_BRK_TIM9_IRQHandler                 0x080001df   Thumb Code     0  startup_stm32f427xx.o(.text)
    TIM1_CC_IRQHandler                       0x080001df   Thumb Code     0  startup_stm32f427xx.o(.text)
    TIM1_TRG_COM_TIM11_IRQHandler            0x080001df   Thumb Code     0  startup_stm32f427xx.o(.text)
    TIM1_UP_TIM10_IRQHandler                 0x080001df   Thumb Code     0  startup_stm32f427xx.o(.text)
    TIM2_IRQHandler                          0x080001df   Thumb Code     0  startup_stm32f427xx.o(.text)
    TIM3_IRQHandler                          0x080001df   Thumb Code     0  startup_stm32f427xx.o(.text)
    TIM4_IRQHandler                          0x080001df   Thumb Code     0  startup_stm32f427xx.o(.text)
    TIM5_IRQHandler                          0x080001df   Thumb Code     0  startup_stm32f427xx.o(.text)
    TIM7_IRQHandler                          0x080001df   Thumb Code     0  startup_stm32f427xx.o(.text)
    TIM8_BRK_TIM12_IRQHandler                0x080001df   Thumb Code     0  startup_stm32f427xx.o(.text)
    TIM8_CC_IRQHandler                       0x080001df   Thumb Code     0  startup_stm32f427xx.o(.text)
    TIM8_TRG_COM_TIM14_IRQHandler            0x080001df   Thumb Code     0  startup_stm32f427xx.o(.text)
    TIM8_UP_TIM13_IRQHandler                 0x080001df   Thumb Code     0  startup_stm32f427xx.o(.text)
    UART4_IRQHandler                         0x080001df   Thumb Code     0  startup_stm32f427xx.o(.text)
    UART5_IRQHandler                         0x080001df   Thumb Code     0  startup_stm32f427xx.o(.text)
    UART7_IRQHandler                         0x080001df   Thumb Code     0  startup_stm32f427xx.o(.text)
    UART8_IRQHandler                         0x080001df   Thumb Code     0  startup_stm32f427xx.o(.text)
    USART2_IRQHandler                        0x080001df   Thumb Code     0  startup_stm32f427xx.o(.text)
    USART3_IRQHandler                        0x080001df   Thumb Code     0  startup_stm32f427xx.o(.text)
    USART6_IRQHandler                        0x080001df   Thumb Code     0  startup_stm32f427xx.o(.text)
    WWDG_IRQHandler                          0x080001df   Thumb Code     0  startup_stm32f427xx.o(.text)
    __aeabi_uldivmod                         0x080001e9   Thumb Code    98  uldiv.o(.text)
    __aeabi_llsl                             0x0800024b   Thumb Code    30  llshl.o(.text)
    _ll_shift_l                              0x0800024b   Thumb Code     0  llshl.o(.text)
    __aeabi_llsr                             0x08000269   Thumb Code    32  llushr.o(.text)
    _ll_ushift_r                             0x08000269   Thumb Code     0  llushr.o(.text)
    __scatterload                            0x08000289   Thumb Code    28  init.o(.text)
    __scatterload_rt2                        0x08000289   Thumb Code     0  init.o(.text)
    BusFault_Handler                         0x080002ad   Thumb Code     2  stm32f4xx_it.o(i.BusFault_Handler)
    CAN1_RX0_IRQHandler                      0x080002b1   Thumb Code     6  stm32f4xx_it.o(i.CAN1_RX0_IRQHandler)
    CAN1_TX_IRQHandler                       0x080002bd   Thumb Code     6  stm32f4xx_it.o(i.CAN1_TX_IRQHandler)
    Callback_RC_Handle                       0x080003f1   Thumb Code   140  remote_control.o(i.Callback_RC_Handle)
    DMA2_Stream2_IRQHandler                  0x08000481   Thumb Code     6  stm32f4xx_it.o(i.DMA2_Stream2_IRQHandler)
    DMA2_Stream6_IRQHandler                  0x0800048d   Thumb Code     6  stm32f4xx_it.o(i.DMA2_Stream6_IRQHandler)
    DebugMon_Handler                         0x0800053d   Thumb Code     2  stm32f4xx_it.o(i.DebugMon_Handler)
    HAL_CAN_ConfigFilter                     0x08000541   Thumb Code   244  stm32f4xx_hal_can.o(i.HAL_CAN_ConfigFilter)
    HAL_CAN_ErrorCallback                    0x08000639   Thumb Code    14  can.o(i.HAL_CAN_ErrorCallback)
    HAL_CAN_IRQHandler                       0x0800064d   Thumb Code   548  stm32f4xx_hal_can.o(i.HAL_CAN_IRQHandler)
    HAL_CAN_Init                             0x08000881   Thumb Code   328  stm32f4xx_hal_can.o(i.HAL_CAN_Init)
    HAL_CAN_MspInit                          0x080009c9   Thumb Code    92  can.o(i.HAL_CAN_MspInit)
    HAL_CAN_Receive_IT                       0x08000a31   Thumb Code   180  stm32f4xx_hal_can.o(i.HAL_CAN_Receive_IT)
    HAL_CAN_RxCpltCallback                   0x08000ae5   Thumb Code    96  bsp_can.o(i.HAL_CAN_RxCpltCallback)
    HAL_CAN_Transmit                         0x08000b55   Thumb Code   466  stm32f4xx_hal_can.o(i.HAL_CAN_Transmit)
    HAL_CAN_TxCpltCallback                   0x08000d35   Thumb Code     2  stm32f4xx_hal_can.o(i.HAL_CAN_TxCpltCallback)
    HAL_DMA_Abort_IT                         0x08000d37   Thumb Code    36  stm32f4xx_hal_dma.o(i.HAL_DMA_Abort_IT)
    HAL_DMA_IRQHandler                       0x08000d5d   Thumb Code   412  stm32f4xx_hal_dma.o(i.HAL_DMA_IRQHandler)
    HAL_DMA_Init                             0x08000efd   Thumb Code   206  stm32f4xx_hal_dma.o(i.HAL_DMA_Init)
    HAL_DMA_Start                            0x08000fd1   Thumb Code    70  stm32f4xx_hal_dma.o(i.HAL_DMA_Start)
    HAL_DMA_Start_IT                         0x08001017   Thumb Code   120  stm32f4xx_hal_dma.o(i.HAL_DMA_Start_IT)
    HAL_Delay                                0x0800108f   Thumb Code    28  stm32f4xx_hal.o(i.HAL_Delay)
    HAL_GPIO_Init                            0x080010ad   Thumb Code   408  stm32f4xx_hal_gpio.o(i.HAL_GPIO_Init)
    HAL_GPIO_ReadPin                         0x08001279   Thumb Code    10  stm32f4xx_hal_gpio.o(i.HAL_GPIO_ReadPin)
    HAL_GPIO_TogglePin                       0x08001283   Thumb Code     8  stm32f4xx_hal_gpio.o(i.HAL_GPIO_TogglePin)
    HAL_GPIO_WritePin                        0x0800128b   Thumb Code    10  stm32f4xx_hal_gpio.o(i.HAL_GPIO_WritePin)
    HAL_GetTick                              0x08001295   Thumb Code     6  stm32f4xx_hal.o(i.HAL_GetTick)
    HAL_IncTick                              0x080012a1   Thumb Code    10  stm32f4xx_hal.o(i.HAL_IncTick)
    HAL_Init                                 0x080012b1   Thumb Code    48  stm32f4xx_hal.o(i.HAL_Init)
    HAL_InitTick                             0x080012e5   Thumb Code   100  stm32f4xx_hal_timebase_tim.o(i.HAL_InitTick)
    HAL_MspInit                              0x08001359   Thumb Code    88  stm32f4xx_hal_msp.o(i.HAL_MspInit)
    HAL_NVIC_EnableIRQ                       0x080013b1   Thumb Code    22  stm32f4xx_hal_cortex.o(i.HAL_NVIC_EnableIRQ)
    HAL_NVIC_SetPriority                     0x080013c9   Thumb Code    60  stm32f4xx_hal_cortex.o(i.HAL_NVIC_SetPriority)
    HAL_NVIC_SetPriorityGrouping             0x08001409   Thumb Code    26  stm32f4xx_hal_cortex.o(i.HAL_NVIC_SetPriorityGrouping)
    HAL_RCC_ClockConfig                      0x0800142d   Thumb Code   286  stm32f4xx_hal_rcc.o(i.HAL_RCC_ClockConfig)
    HAL_RCC_GetClockConfig                   0x0800155d   Thumb Code    54  stm32f4xx_hal_rcc.o(i.HAL_RCC_GetClockConfig)
    HAL_RCC_GetHCLKFreq                      0x0800159d   Thumb Code     6  stm32f4xx_hal_rcc.o(i.HAL_RCC_GetHCLKFreq)
    HAL_RCC_GetPCLK1Freq                     0x080015a9   Thumb Code    20  stm32f4xx_hal_rcc.o(i.HAL_RCC_GetPCLK1Freq)
    HAL_RCC_GetPCLK2Freq                     0x080015c9   Thumb Code    20  stm32f4xx_hal_rcc.o(i.HAL_RCC_GetPCLK2Freq)
    HAL_RCC_GetSysClockFreq                  0x080015e9   Thumb Code    88  stm32f4xx_hal_rcc.o(i.HAL_RCC_GetSysClockFreq)
    HAL_RCC_OscConfig                        0x0800164d   Thumb Code   730  stm32f4xx_hal_rcc.o(i.HAL_RCC_OscConfig)
    HAL_SYSTICK_CLKSourceConfig              0x0800193d   Thumb Code    24  stm32f4xx_hal_cortex.o(i.HAL_SYSTICK_CLKSourceConfig)
    HAL_SYSTICK_Callback                     0x08001955   Thumb Code     2  stm32f4xx_hal_cortex.o(i.HAL_SYSTICK_Callback)
    HAL_SYSTICK_Config                       0x08001957   Thumb Code    40  stm32f4xx_hal_cortex.o(i.HAL_SYSTICK_Config)
    HAL_SYSTICK_IRQHandler                   0x0800197f   Thumb Code     8  stm32f4xx_hal_cortex.o(i.HAL_SYSTICK_IRQHandler)
    HAL_TIMEx_BreakCallback                  0x08001987   Thumb Code     2  stm32f4xx_hal_tim_ex.o(i.HAL_TIMEx_BreakCallback)
    HAL_TIMEx_CommutationCallback            0x08001989   Thumb Code     2  stm32f4xx_hal_tim_ex.o(i.HAL_TIMEx_CommutationCallback)
    HAL_TIMEx_MasterConfigSynchronization    0x0800198b   Thumb Code    80  stm32f4xx_hal_tim_ex.o(i.HAL_TIMEx_MasterConfigSynchronization)
    HAL_TIM_Base_Init                        0x080019db   Thumb Code    54  stm32f4xx_hal_tim.o(i.HAL_TIM_Base_Init)
    HAL_TIM_Base_MspInit                     0x08001a11   Thumb Code    30  tim.o(i.HAL_TIM_Base_MspInit)
    HAL_TIM_Base_Start                       0x08001a39   Thumb Code    26  stm32f4xx_hal_tim.o(i.HAL_TIM_Base_Start)
    HAL_TIM_Base_Start_IT                    0x08001a53   Thumb Code    24  stm32f4xx_hal_tim.o(i.HAL_TIM_Base_Start_IT)
    HAL_TIM_ConfigClockSource                0x08001a6b   Thumb Code   242  stm32f4xx_hal_tim.o(i.HAL_TIM_ConfigClockSource)
    HAL_TIM_ErrorCallback                    0x08001b5d   Thumb Code     2  stm32f4xx_hal_tim.o(i.HAL_TIM_ErrorCallback)
    HAL_TIM_IC_CaptureCallback               0x08001b61   Thumb Code    70  remote_control.o(i.HAL_TIM_IC_CaptureCallback)
    HAL_TIM_IC_ConfigChannel                 0x08001bb5   Thumb Code   286  stm32f4xx_hal_tim.o(i.HAL_TIM_IC_ConfigChannel)
    HAL_TIM_IC_Init                          0x08001cd3   Thumb Code    54  stm32f4xx_hal_tim.o(i.HAL_TIM_IC_Init)
    HAL_TIM_IC_MspInit                       0x08001d09   Thumb Code   144  tim.o(i.HAL_TIM_IC_MspInit)
    HAL_TIM_IC_Start_DMA                     0x08001dc1   Thumb Code   190  stm32f4xx_hal_tim.o(i.HAL_TIM_IC_Start_DMA)
    HAL_TIM_IRQHandler                       0x08001e89   Thumb Code   358  stm32f4xx_hal_tim.o(i.HAL_TIM_IRQHandler)
    HAL_TIM_OC_DelayElapsedCallback          0x08001fef   Thumb Code     2  stm32f4xx_hal_tim.o(i.HAL_TIM_OC_DelayElapsedCallback)
    HAL_TIM_PWM_PulseFinishedCallback        0x08001ff1   Thumb Code     2  stm32f4xx_hal_tim.o(i.HAL_TIM_PWM_PulseFinishedCallback)
    HAL_TIM_PeriodElapsedCallback            0x08001ff5   Thumb Code    14  main.o(i.HAL_TIM_PeriodElapsedCallback)
    HAL_TIM_TriggerCallback                  0x08002009   Thumb Code     2  stm32f4xx_hal_tim.o(i.HAL_TIM_TriggerCallback)
    HAL_UART_ErrorCallback                   0x0800200b   Thumb Code     2  stm32f4xx_hal_uart.o(i.HAL_UART_ErrorCallback)
    HAL_UART_IDLE_IRQHandler                 0x0800200d   Thumb Code   210  usart.o(i.HAL_UART_IDLE_IRQHandler)
    HAL_UART_IRQHandler                      0x080020ed   Thumb Code   266  stm32f4xx_hal_uart.o(i.HAL_UART_IRQHandler)
    HAL_UART_Init                            0x080021fd   Thumb Code    98  stm32f4xx_hal_uart.o(i.HAL_UART_Init)
    HAL_UART_MspInit                         0x08002261   Thumb Code   132  usart.o(i.HAL_UART_MspInit)
    HAL_UART_Receive_IT_IDLE                 0x08002309   Thumb Code    18  usart.o(i.HAL_UART_Receive_IT_IDLE)
    HAL_UART_RxCpltCallback                  0x0800231b   Thumb Code     2  stm32f4xx_hal_uart.o(i.HAL_UART_RxCpltCallback)
    HAL_UART_TxCpltCallback                  0x0800231d   Thumb Code     2  stm32f4xx_hal_uart.o(i.HAL_UART_TxCpltCallback)
    HardFault_Handler                        0x0800231f   Thumb Code     2  stm32f4xx_it.o(i.HardFault_Handler)
    MX_CAN1_Init                             0x08002321   Thumb Code    66  can.o(i.MX_CAN1_Init)
    MX_DMA_Init                              0x0800237d   Thumb Code    56  dma.o(i.MX_DMA_Init)
    MX_GPIO_Init                             0x080023b9   Thumb Code   410  gpio.o(i.MX_GPIO_Init)
    MX_TIM1_Init                             0x08002571   Thumb Code   170  tim.o(i.MX_TIM1_Init)
    MX_TIM4_Init                             0x08002635   Thumb Code   104  tim.o(i.MX_TIM4_Init)
    MX_USART1_UART_Init                      0x080026b5   Thumb Code    54  usart.o(i.MX_USART1_UART_Init)
    MemManage_Handler                        0x08002709   Thumb Code     2  stm32f4xx_it.o(i.MemManage_Handler)
    NMI_Handler                              0x0800270b   Thumb Code     2  stm32f4xx_it.o(i.NMI_Handler)
    PendSV_Handler                           0x0800272d   Thumb Code     2  stm32f4xx_it.o(i.PendSV_Handler)
    SVC_Handler                              0x0800272f   Thumb Code     2  stm32f4xx_it.o(i.SVC_Handler)
    SysTick_Handler                          0x08002731   Thumb Code     4  stm32f4xx_it.o(i.SysTick_Handler)
    SystemClock_Config                       0x08002735   Thumb Code   150  main.o(i.SystemClock_Config)
    SystemInit                               0x080027d5   Thumb Code    66  system_stm32f4xx.o(i.SystemInit)
    TIM6_DAC_IRQHandler                      0x08002829   Thumb Code     6  stm32f4xx_it.o(i.TIM6_DAC_IRQHandler)
    TIM_Base_SetConfig                       0x08002835   Thumb Code   148  stm32f4xx_hal_tim.o(i.TIM_Base_SetConfig)
    TIM_CCxChannelCmd                        0x080028f5   Thumb Code    22  stm32f4xx_hal_tim.o(i.TIM_CCxChannelCmd)
    TIM_DMACaptureCplt                       0x0800290b   Thumb Code    62  stm32f4xx_hal_tim.o(i.TIM_DMACaptureCplt)
    TIM_DMAError                             0x08002949   Thumb Code    16  stm32f4xx_hal_tim.o(i.TIM_DMAError)
    TIM_TI1_SetConfig                        0x080029a1   Thumb Code   104  stm32f4xx_hal_tim.o(i.TIM_TI1_SetConfig)
    UART_Receive_DMA_NoIT                    0x08002aab   Thumb Code   120  usart.o(i.UART_Receive_DMA_NoIT)
    USART1_IRQHandler                        0x08002ec1   Thumb Code    18  stm32f4xx_it.o(i.USART1_IRQHandler)
    UsageFault_Handler                       0x08002ed9   Thumb Code     2  stm32f4xx_it.o(i.UsageFault_Handler)
    _Error_Handler                           0x08002edb   Thumb Code     2  main.o(i._Error_Handler)
    __scatterload_copy                       0x08002edd   Thumb Code    14  handlers.o(i.__scatterload_copy)
    __scatterload_null                       0x08002eeb   Thumb Code     2  handlers.o(i.__scatterload_null)
    __scatterload_zeroinit                   0x08002eed   Thumb Code    14  handlers.o(i.__scatterload_zeroinit)
    get_moto_measure                         0x08002efd   Thumb Code    98  bsp_can.o(i.get_moto_measure)
    main                                     0x08002f65   Thumb Code  1906  main.o(i.main)
    my_can_filter_init_recv_all              0x080036ed   Thumb Code    58  bsp_can.o(i.my_can_filter_init_recv_all)
    pid_init                                 0x0800382d   Thumb Code    14  pid.o(i.pid_init)
    set_moto_current                         0x080038a9   Thumb Code    76  bsp_can.o(i.set_moto_current)
    AHBPrescTable                            0x080038fc   Data          16  system_stm32f4xx.o(.constdata)
    APBPrescTable                            0x0800390c   Data           8  system_stm32f4xx.o(.constdata)
    random_list                              0x08003914   Data          36  main.o(.constdata)
    Region$$Table$$Base                      0x08003938   Number         0  anon$$obj.o(Region$$Table)
    Region$$Table$$Limit                     0x08003958   Number         0  anon$$obj.o(Region$$Table)
    uwTick                                   0x20000000   Data           4  stm32f4xx_hal.o(.data)
    SystemCoreClock                          0x20000004   Data           4  system_stm32f4xx.o(.data)
    FlashTimer                               0x2000000c   Data           4  bsp_can.o(.data)
    state                                    0x20000010   Data           1  main.o(.data)
    state0_d                                 0x20000011   Data           1  main.o(.data)
    state1_d                                 0x20000012   Data           1  main.o(.data)
    state2_d                                 0x20000013   Data           1  main.o(.data)
    state3_d                                 0x20000014   Data           1  main.o(.data)
    left_detect_1                            0x20000015   Data           1  main.o(.data)
    right_detect_1                           0x20000016   Data           1  main.o(.data)
    left_detect                              0x20000017   Data           1  main.o(.data)
    right_detect                             0x20000018   Data           1  main.o(.data)
    random_index                             0x20000019   Data           1  main.o(.data)
    set_spd                                  0x2000001c   Data           4  main.o(.data)
    speed_step_sign                          0x20000024   Data           4  main.o(.data)
    counter                                  0x20000028   Data           4  main.o(.data)
    full_travel_tick_m                       0x2000002c   Data           4  main.o(.data)
    TIM_COUNT                                0x20000030   Data           4  main.o(.data)
    distance_left_1                          0x20000034   Data           4  main.o(.data)
    distance_right_1                         0x20000038   Data           4  main.o(.data)
    distance_left                            0x2000003c   Data           4  main.o(.data)
    distance_right                           0x20000040   Data           4  main.o(.data)
    wiggle_tick_pos                          0x20000044   Data           4  main.o(.data)
    wiggle_tick_1                            0x20000048   Data           4  main.o(.data)
    wiggle_tick_2                            0x2000004c   Data           4  main.o(.data)
    wiggle_tick_2_dur                        0x20000050   Data           4  main.o(.data)
    wiggle_tick_3                            0x20000054   Data           4  main.o(.data)
    wiggle_tick_total                        0x20000058   Data           4  main.o(.data)
    HighTime                                 0x2000005c   Data           2  remote_control.o(.data)
    Latest_Remote_Control_Pack_Time          0x20000060   Data           4  remote_control.o(.data)
    LED_Flash_Timer_remote_control           0x20000064   Data           4  remote_control.o(.data)
    moto_chassis                             0x20000068   Data         192  bsp_can.o(.bss)
    motor_pid                                0x20000168   Data         400  main.o(.bss)
    UART_Buffer                              0x200002f8   Data         100  usart.o(.bss)
    huart1                                   0x2000035c   Data          64  usart.o(.bss)
    hdma_usart1_rx                           0x2000039c   Data          96  usart.o(.bss)
    htim6                                    0x200003fc   Data          60  stm32f4xx_hal_timebase_tim.o(.bss)
    hcan1                                    0x20000438   Data          68  can.o(.bss)
    remote_control                           0x2000047c   Data          20  remote_control.o(.bss)
    htim1                                    0x20000490   Data          60  tim.o(.bss)
    htim4                                    0x200004cc   Data          60  tim.o(.bss)
    hdma_tim1_ch1_ch2_ch3                    0x20000508   Data          96  tim.o(.bss)
    __initial_sp                             0x20000968   Data           0  startup_stm32f427xx.o(STACK)



==============================================================================

Memory Map of the image

  Image Entry point : 0x080001ad

  Load Region LR_IROM1 (Base: 0x08000000, Size: 0x000039c0, Max: 0x00200000, ABSOLUTE)

    Execution Region ER_IROM1 (Exec base: 0x08000000, Load base: 0x08000000, Size: 0x00003958, Max: 0x00200000, ABSOLUTE)

    Exec Addr    Load Addr    Size         Type   Attr      Idx    E Section Name        Object

    0x08000000   0x08000000   0x000001ac   Data   RO         2546    RESET               startup_stm32f427xx.o
    0x080001ac   0x080001ac   0x00000000   Code   RO         3217  * .ARM.Collect$$$$00000000  mc_w.l(entry.o)
    0x080001ac   0x080001ac   0x00000004   Code   RO         3222    .ARM.Collect$$$$00000001  mc_w.l(entry2.o)
    0x080001b0   0x080001b0   0x00000004   Code   RO         3225    .ARM.Collect$$$$00000004  mc_w.l(entry5.o)
    0x080001b4   0x080001b4   0x00000000   Code   RO         3227    .ARM.Collect$$$$00000008  mc_w.l(entry7b.o)
    0x080001b4   0x080001b4   0x00000000   Code   RO         3229    .ARM.Collect$$$$0000000A  mc_w.l(entry8b.o)
    0x080001b4   0x080001b4   0x00000008   Code   RO         3230    .ARM.Collect$$$$0000000B  mc_w.l(entry9a.o)
    0x080001bc   0x080001bc   0x00000004   Code   RO         3237    .ARM.Collect$$$$0000000E  mc_w.l(entry12b.o)
    0x080001c0   0x080001c0   0x00000000   Code   RO         3232    .ARM.Collect$$$$0000000F  mc_w.l(entry10a.o)
    0x080001c0   0x080001c0   0x00000000   Code   RO         3234    .ARM.Collect$$$$00000011  mc_w.l(entry11a.o)
    0x080001c0   0x080001c0   0x00000004   Code   RO         3223    .ARM.Collect$$$$00002712  mc_w.l(entry2.o)
    0x080001c4   0x080001c4   0x00000024   Code   RO         2547    .text               startup_stm32f427xx.o
    0x080001e8   0x080001e8   0x00000062   Code   RO         3220    .text               mc_w.l(uldiv.o)
    0x0800024a   0x0800024a   0x0000001e   Code   RO         3238    .text               mc_w.l(llshl.o)
    0x08000268   0x08000268   0x00000020   Code   RO         3240    .text               mc_w.l(llushr.o)
    0x08000288   0x08000288   0x00000024   Code   RO         3242    .text               mc_w.l(init.o)
    0x080002ac   0x080002ac   0x00000002   Code   RO         2938    i.BusFault_Handler  stm32f4xx_it.o
    0x080002ae   0x080002ae   0x00000002   PAD
    0x080002b0   0x080002b0   0x0000000c   Code   RO         2939    i.CAN1_RX0_IRQHandler  stm32f4xx_it.o
    0x080002bc   0x080002bc   0x0000000c   Code   RO         2940    i.CAN1_TX_IRQHandler  stm32f4xx_it.o
    0x080002c8   0x080002c8   0x00000126   Code   RO            4    i.CAN_Receive_IT    stm32f4xx_hal_can.o
    0x080003ee   0x080003ee   0x00000002   PAD
    0x080003f0   0x080003f0   0x00000090   Code   RO         3122    i.Callback_RC_Handle  remote_control.o
    0x08000480   0x08000480   0x0000000c   Code   RO         2941    i.DMA2_Stream2_IRQHandler  stm32f4xx_it.o
    0x0800048c   0x0800048c   0x0000000c   Code   RO         2942    i.DMA2_Stream6_IRQHandler  stm32f4xx_it.o
    0x08000498   0x08000498   0x00000028   Code   RO         2301    i.DMA_CalcBaseAndBitshift  stm32f4xx_hal_dma.o
    0x080004c0   0x080004c0   0x00000054   Code   RO         2302    i.DMA_CheckFifoParam  stm32f4xx_hal_dma.o
    0x08000514   0x08000514   0x00000028   Code   RO         2303    i.DMA_SetConfig     stm32f4xx_hal_dma.o
    0x0800053c   0x0800053c   0x00000002   Code   RO         2943    i.DebugMon_Handler  stm32f4xx_it.o
    0x0800053e   0x0800053e   0x00000002   PAD
    0x08000540   0x08000540   0x000000f8   Code   RO            5    i.HAL_CAN_ConfigFilter  stm32f4xx_hal_can.o
    0x08000638   0x08000638   0x00000014   Code   RO         3050    i.HAL_CAN_ErrorCallback  can.o
    0x0800064c   0x0800064c   0x00000234   Code   RO           10    i.HAL_CAN_IRQHandler  stm32f4xx_hal_can.o
    0x08000880   0x08000880   0x00000148   Code   RO           11    i.HAL_CAN_Init      stm32f4xx_hal_can.o
    0x080009c8   0x080009c8   0x00000068   Code   RO         3052    i.HAL_CAN_MspInit   can.o
    0x08000a30   0x08000a30   0x000000b4   Code   RO           15    i.HAL_CAN_Receive_IT  stm32f4xx_hal_can.o
    0x08000ae4   0x08000ae4   0x00000070   Code   RO         2554    i.HAL_CAN_RxCpltCallback  bsp_can.o
    0x08000b54   0x08000b54   0x000001e0   Code   RO           18    i.HAL_CAN_Transmit  stm32f4xx_hal_can.o
    0x08000d34   0x08000d34   0x00000002   Code   RO           20    i.HAL_CAN_TxCpltCallback  stm32f4xx_hal_can.o
    0x08000d36   0x08000d36   0x00000024   Code   RO         2305    i.HAL_DMA_Abort_IT  stm32f4xx_hal_dma.o
    0x08000d5a   0x08000d5a   0x00000002   PAD
    0x08000d5c   0x08000d5c   0x000001a0   Code   RO         2309    i.HAL_DMA_IRQHandler  stm32f4xx_hal_dma.o
    0x08000efc   0x08000efc   0x000000d4   Code   RO         2310    i.HAL_DMA_Init      stm32f4xx_hal_dma.o
    0x08000fd0   0x08000fd0   0x00000046   Code   RO         2313    i.HAL_DMA_Start     stm32f4xx_hal_dma.o
    0x08001016   0x08001016   0x00000078   Code   RO         2314    i.HAL_DMA_Start_IT  stm32f4xx_hal_dma.o
    0x0800108e   0x0800108e   0x0000001c   Code   RO         1118    i.HAL_Delay         stm32f4xx_hal.o
    0x080010aa   0x080010aa   0x00000002   PAD
    0x080010ac   0x080010ac   0x000001cc   Code   RO          231    i.HAL_GPIO_Init     stm32f4xx_hal_gpio.o
    0x08001278   0x08001278   0x0000000a   Code   RO          233    i.HAL_GPIO_ReadPin  stm32f4xx_hal_gpio.o
    0x08001282   0x08001282   0x00000008   Code   RO          234    i.HAL_GPIO_TogglePin  stm32f4xx_hal_gpio.o
    0x0800128a   0x0800128a   0x0000000a   Code   RO          235    i.HAL_GPIO_WritePin  stm32f4xx_hal_gpio.o
    0x08001294   0x08001294   0x0000000c   Code   RO         1126    i.HAL_GetTick       stm32f4xx_hal.o
    0x080012a0   0x080012a0   0x00000010   Code   RO         1128    i.HAL_IncTick       stm32f4xx_hal.o
    0x080012b0   0x080012b0   0x00000034   Code   RO         1129    i.HAL_Init          stm32f4xx_hal.o
    0x080012e4   0x080012e4   0x00000074   Code   RO         2874    i.HAL_InitTick      stm32f4xx_hal_timebase_tim.o
    0x08001358   0x08001358   0x00000058   Code   RO         2789    i.HAL_MspInit       stm32f4xx_hal_msp.o
    0x080013b0   0x080013b0   0x00000016   Code   RO          517    i.HAL_NVIC_EnableIRQ  stm32f4xx_hal_cortex.o
    0x080013c6   0x080013c6   0x00000002   PAD
    0x080013c8   0x080013c8   0x00000040   Code   RO          523    i.HAL_NVIC_SetPriority  stm32f4xx_hal_cortex.o
    0x08001408   0x08001408   0x00000024   Code   RO          524    i.HAL_NVIC_SetPriorityGrouping  stm32f4xx_hal_cortex.o
    0x0800142c   0x0800142c   0x00000130   Code   RO         2408    i.HAL_RCC_ClockConfig  stm32f4xx_hal_rcc.o
    0x0800155c   0x0800155c   0x00000040   Code   RO         2412    i.HAL_RCC_GetClockConfig  stm32f4xx_hal_rcc.o
    0x0800159c   0x0800159c   0x0000000c   Code   RO         2413    i.HAL_RCC_GetHCLKFreq  stm32f4xx_hal_rcc.o
    0x080015a8   0x080015a8   0x00000020   Code   RO         2415    i.HAL_RCC_GetPCLK1Freq  stm32f4xx_hal_rcc.o
    0x080015c8   0x080015c8   0x00000020   Code   RO         2416    i.HAL_RCC_GetPCLK2Freq  stm32f4xx_hal_rcc.o
    0x080015e8   0x080015e8   0x00000064   Code   RO         2417    i.HAL_RCC_GetSysClockFreq  stm32f4xx_hal_rcc.o
    0x0800164c   0x0800164c   0x000002f0   Code   RO         2420    i.HAL_RCC_OscConfig  stm32f4xx_hal_rcc.o
    0x0800193c   0x0800193c   0x00000018   Code   RO          526    i.HAL_SYSTICK_CLKSourceConfig  stm32f4xx_hal_cortex.o
    0x08001954   0x08001954   0x00000002   Code   RO          527    i.HAL_SYSTICK_Callback  stm32f4xx_hal_cortex.o
    0x08001956   0x08001956   0x00000028   Code   RO          528    i.HAL_SYSTICK_Config  stm32f4xx_hal_cortex.o
    0x0800197e   0x0800197e   0x00000008   Code   RO          529    i.HAL_SYSTICK_IRQHandler  stm32f4xx_hal_cortex.o
    0x08001986   0x08001986   0x00000002   Code   RO         1390    i.HAL_TIMEx_BreakCallback  stm32f4xx_hal_tim_ex.o
    0x08001988   0x08001988   0x00000002   Code   RO         1391    i.HAL_TIMEx_CommutationCallback  stm32f4xx_hal_tim_ex.o
    0x0800198a   0x0800198a   0x00000050   Code   RO         1407    i.HAL_TIMEx_MasterConfigSynchronization  stm32f4xx_hal_tim_ex.o
    0x080019da   0x080019da   0x00000036   Code   RO         1631    i.HAL_TIM_Base_Init  stm32f4xx_hal_tim.o
    0x08001a10   0x08001a10   0x00000028   Code   RO         3161    i.HAL_TIM_Base_MspInit  tim.o
    0x08001a38   0x08001a38   0x0000001a   Code   RO         1634    i.HAL_TIM_Base_Start  stm32f4xx_hal_tim.o
    0x08001a52   0x08001a52   0x00000018   Code   RO         1636    i.HAL_TIM_Base_Start_IT  stm32f4xx_hal_tim.o
    0x08001a6a   0x08001a6a   0x000000f2   Code   RO         1640    i.HAL_TIM_ConfigClockSource  stm32f4xx_hal_tim.o
    0x08001b5c   0x08001b5c   0x00000002   Code   RO         1658    i.HAL_TIM_ErrorCallback  stm32f4xx_hal_tim.o
    0x08001b5e   0x08001b5e   0x00000002   PAD
    0x08001b60   0x08001b60   0x00000054   Code   RO         3123    i.HAL_TIM_IC_CaptureCallback  remote_control.o
    0x08001bb4   0x08001bb4   0x0000011e   Code   RO         1661    i.HAL_TIM_IC_ConfigChannel  stm32f4xx_hal_tim.o
    0x08001cd2   0x08001cd2   0x00000036   Code   RO         1664    i.HAL_TIM_IC_Init   stm32f4xx_hal_tim.o
    0x08001d08   0x08001d08   0x000000b8   Code   RO         3163    i.HAL_TIM_IC_MspInit  tim.o
    0x08001dc0   0x08001dc0   0x000000c8   Code   RO         1668    i.HAL_TIM_IC_Start_DMA  stm32f4xx_hal_tim.o
    0x08001e88   0x08001e88   0x00000166   Code   RO         1673    i.HAL_TIM_IRQHandler  stm32f4xx_hal_tim.o
    0x08001fee   0x08001fee   0x00000002   Code   RO         1676    i.HAL_TIM_OC_DelayElapsedCallback  stm32f4xx_hal_tim.o
    0x08001ff0   0x08001ff0   0x00000002   Code   RO         1703    i.HAL_TIM_PWM_PulseFinishedCallback  stm32f4xx_hal_tim.o
    0x08001ff2   0x08001ff2   0x00000002   PAD
    0x08001ff4   0x08001ff4   0x00000014   Code   RO         2689    i.HAL_TIM_PeriodElapsedCallback  main.o
    0x08002008   0x08002008   0x00000002   Code   RO         1714    i.HAL_TIM_TriggerCallback  stm32f4xx_hal_tim.o
    0x0800200a   0x0800200a   0x00000002   Code   RO          806    i.HAL_UART_ErrorCallback  stm32f4xx_hal_uart.o
    0x0800200c   0x0800200c   0x000000e0   Code   RO         2813    i.HAL_UART_IDLE_IRQHandler  usart.o
    0x080020ec   0x080020ec   0x00000110   Code   RO          809    i.HAL_UART_IRQHandler  stm32f4xx_hal_uart.o
    0x080021fc   0x080021fc   0x00000062   Code   RO          810    i.HAL_UART_Init     stm32f4xx_hal_uart.o
    0x0800225e   0x0800225e   0x00000002   PAD
    0x08002260   0x08002260   0x000000a8   Code   RO         2815    i.HAL_UART_MspInit  usart.o
    0x08002308   0x08002308   0x00000012   Code   RO         2816    i.HAL_UART_Receive_IT_IDLE  usart.o
    0x0800231a   0x0800231a   0x00000002   Code   RO          816    i.HAL_UART_RxCpltCallback  stm32f4xx_hal_uart.o
    0x0800231c   0x0800231c   0x00000002   Code   RO          821    i.HAL_UART_TxCpltCallback  stm32f4xx_hal_uart.o
    0x0800231e   0x0800231e   0x00000002   Code   RO         2944    i.HardFault_Handler  stm32f4xx_it.o
    0x08002320   0x08002320   0x0000005c   Code   RO         3053    i.MX_CAN1_Init      can.o
    0x0800237c   0x0800237c   0x0000003c   Code   RO         3098    i.MX_DMA_Init       dma.o
    0x080023b8   0x080023b8   0x000001b8   Code   RO         2914    i.MX_GPIO_Init      gpio.o
    0x08002570   0x08002570   0x000000c4   Code   RO         3164    i.MX_TIM1_Init      tim.o
    0x08002634   0x08002634   0x00000080   Code   RO         3165    i.MX_TIM4_Init      tim.o
    0x080026b4   0x080026b4   0x00000054   Code   RO         2817    i.MX_USART1_UART_Init  usart.o
    0x08002708   0x08002708   0x00000002   Code   RO         2945    i.MemManage_Handler  stm32f4xx_it.o
    0x0800270a   0x0800270a   0x00000002   Code   RO         2946    i.NMI_Handler       stm32f4xx_it.o
    0x0800270c   0x0800270c   0x00000020   Code   RO          530    i.NVIC_SetPriority  stm32f4xx_hal_cortex.o
    0x0800272c   0x0800272c   0x00000002   Code   RO         2947    i.PendSV_Handler    stm32f4xx_it.o
    0x0800272e   0x0800272e   0x00000002   Code   RO         2948    i.SVC_Handler       stm32f4xx_it.o
    0x08002730   0x08002730   0x00000004   Code   RO         2949    i.SysTick_Handler   stm32f4xx_it.o
    0x08002734   0x08002734   0x000000a0   Code   RO         2691    i.SystemClock_Config  main.o
    0x080027d4   0x080027d4   0x00000054   Code   RO         2510    i.SystemInit        system_stm32f4xx.o
    0x08002828   0x08002828   0x0000000c   Code   RO         2950    i.TIM6_DAC_IRQHandler  stm32f4xx_it.o
    0x08002834   0x08002834   0x000000c0   Code   RO         1715    i.TIM_Base_SetConfig  stm32f4xx_hal_tim.o
    0x080028f4   0x080028f4   0x00000016   Code   RO         1716    i.TIM_CCxChannelCmd  stm32f4xx_hal_tim.o
    0x0800290a   0x0800290a   0x0000003e   Code   RO         1717    i.TIM_DMACaptureCplt  stm32f4xx_hal_tim.o
    0x08002948   0x08002948   0x00000010   Code   RO         1719    i.TIM_DMAError      stm32f4xx_hal_tim.o
    0x08002958   0x08002958   0x00000014   Code   RO         1722    i.TIM_ETR_SetConfig  stm32f4xx_hal_tim.o
    0x0800296c   0x0800296c   0x00000010   Code   RO         1723    i.TIM_ITRx_SetConfig  stm32f4xx_hal_tim.o
    0x0800297c   0x0800297c   0x00000022   Code   RO         1729    i.TIM_TI1_ConfigInputStage  stm32f4xx_hal_tim.o
    0x0800299e   0x0800299e   0x00000002   PAD
    0x080029a0   0x080029a0   0x00000084   Code   RO         1730    i.TIM_TI1_SetConfig  stm32f4xx_hal_tim.o
    0x08002a24   0x08002a24   0x00000024   Code   RO         1731    i.TIM_TI2_ConfigInputStage  stm32f4xx_hal_tim.o
    0x08002a48   0x08002a48   0x00000036   Code   RO         1732    i.TIM_TI2_SetConfig  stm32f4xx_hal_tim.o
    0x08002a7e   0x08002a7e   0x00000010   Code   RO          823    i.UART_DMAAbortOnError  stm32f4xx_hal_uart.o
    0x08002a8e   0x08002a8e   0x0000001c   Code   RO          833    i.UART_EndRxTransfer  stm32f4xx_hal_uart.o
    0x08002aaa   0x08002aaa   0x00000078   Code   RO         2818    i.UART_Receive_DMA_NoIT  usart.o
    0x08002b22   0x08002b22   0x0000008c   Code   RO          835    i.UART_Receive_IT   stm32f4xx_hal_uart.o
    0x08002bae   0x08002bae   0x00000002   PAD
    0x08002bb0   0x08002bb0   0x000002ac   Code   RO          836    i.UART_SetConfig    stm32f4xx_hal_uart.o
    0x08002e5c   0x08002e5c   0x00000062   Code   RO          837    i.UART_Transmit_IT  stm32f4xx_hal_uart.o
    0x08002ebe   0x08002ebe   0x00000002   PAD
    0x08002ec0   0x08002ec0   0x00000018   Code   RO         2951    i.USART1_IRQHandler  stm32f4xx_it.o
    0x08002ed8   0x08002ed8   0x00000002   Code   RO         2952    i.UsageFault_Handler  stm32f4xx_it.o
    0x08002eda   0x08002eda   0x00000002   Code   RO         2692    i._Error_Handler    main.o
    0x08002edc   0x08002edc   0x0000000e   Code   RO         3246    i.__scatterload_copy  mc_w.l(handlers.o)
    0x08002eea   0x08002eea   0x00000002   Code   RO         3247    i.__scatterload_null  mc_w.l(handlers.o)
    0x08002eec   0x08002eec   0x0000000e   Code   RO         3248    i.__scatterload_zeroinit  mc_w.l(handlers.o)
    0x08002efa   0x08002efa   0x00000002   PAD
    0x08002efc   0x08002efc   0x00000068   Code   RO         2555    i.get_moto_measure  bsp_can.o
    0x08002f64   0x08002f64   0x00000788   Code   RO         2694    i.main              main.o
    0x080036ec   0x080036ec   0x00000044   Code   RO         2558    i.my_can_filter_init_recv_all  bsp_can.o
    0x08003730   0x08003730   0x000000fa   Code   RO         2638    i.pid_calculate     pid.o
    0x0800382a   0x0800382a   0x00000002   PAD
    0x0800382c   0x0800382c   0x0000001c   Code   RO         2639    i.pid_init          pid.o
    0x08003848   0x08003848   0x00000058   Code   RO         2640    i.pid_param_init    pid.o
    0x080038a0   0x080038a0   0x00000008   Code   RO         2641    i.pid_reset         pid.o
    0x080038a8   0x080038a8   0x0000004c   Code   RO         2559    i.set_moto_current  bsp_can.o
    0x080038f4   0x080038f4   0x00000008   Data   RO         2316    .constdata          stm32f4xx_hal_dma.o
    0x080038fc   0x080038fc   0x00000010   Data   RO         2511    .constdata          system_stm32f4xx.o
    0x0800390c   0x0800390c   0x00000008   Data   RO         2512    .constdata          system_stm32f4xx.o
    0x08003914   0x08003914   0x00000024   Data   RO         2704    .constdata          main.o
    0x08003938   0x08003938   0x00000020   Data   RO         3244    Region$$Table       anon$$obj.o


    Execution Region RW_IRAM1 (Exec base: 0x20000000, Load base: 0x08003958, Size: 0x00000968, Max: 0x00030000, ABSOLUTE)

    Exec Addr    Load Addr    Size         Type   Attr      Idx    E Section Name        Object

    0x20000000   0x08003958   0x00000004   Data   RW         1135    .data               stm32f4xx_hal.o
    0x20000004   0x0800395c   0x00000004   Data   RW         2513    .data               system_stm32f4xx.o
    0x20000008   0x08003960   0x00000008   Data   RW         2561    .data               bsp_can.o
    0x20000010   0x08003968   0x0000004c   Data   RW         2705    .data               main.o
    0x2000005c   0x080039b4   0x0000000c   Data   RW         3125    .data               remote_control.o
    0x20000068        -       0x00000100   Zero   RW         2560    .bss                bsp_can.o
    0x20000168        -       0x00000190   Zero   RW         2696    .bss                main.o
    0x200002f8        -       0x00000064   Zero   RW         2819    .bss                usart.o
    0x2000035c        -       0x000000a0   Zero   RW         2820    .bss                usart.o
    0x200003fc        -       0x0000003c   Zero   RW         2877    .bss                stm32f4xx_hal_timebase_tim.o
    0x20000438        -       0x00000044   Zero   RW         3054    .bss                can.o
    0x2000047c        -       0x00000014   Zero   RW         3124    .bss                remote_control.o
    0x20000490        -       0x000000d8   Zero   RW         3166    .bss                tim.o
    0x20000568        -       0x00000400   Zero   RW         2544    STACK               startup_stm32f427xx.o


==============================================================================

Image component sizes


      Code (inc. data)   RO Data    RW Data    ZI Data      Debug   Object Name

       360         32          0          8        256       4907   bsp_can.o
       216         44          0          0         68       2209   can.o
        60          4          0          0          0        810   dma.o
       440         30          0          0          0       1267   gpio.o
      2110        110         36         76        400       7937   main.o
       374         20          0          0          0       3736   pid.o
       228         18          0         12         20       2695   remote_control.o
        36          8        428          0       1024        828   startup_stm32f427xx.o
       108         16          0          4          0       3924   stm32f4xx_hal.o
      2096         34          0          0          0     738992   stm32f4xx_hal_can.o
       228         14          0          0          0      32365   stm32f4xx_hal_cortex.o
      1018         16          8          0          0       7562   stm32f4xx_hal_dma.o
       488         52          0          0          0       3832   stm32f4xx_hal_gpio.o
        88          0          0          0          0        546   stm32f4xx_hal_msp.o
      1296         92          0          0          0       6393   stm32f4xx_hal_rcc.o
      1836         82          0          0          0      17307   stm32f4xx_hal_tim.o
        84          0          0          0          0       2510   stm32f4xx_hal_tim_ex.o
       116         16          0          0         60       1528   stm32f4xx_hal_timebase_tim.o
      1342         14          0          0          0       7723   stm32f4xx_hal_uart.o
       104         36          0          0          0       7287   stm32f4xx_it.o
        84         18         24          4          0       1231   system_stm32f4xx.o
       548        100          0          0        216       3238   tim.o
       614         80          0          0        260       4175   usart.o

    ----------------------------------------------------------------------
     13900        836        528        104       2304     863002   Object Totals
         0          0         32          0          0          0   (incl. Generated)
        26          0          0          0          0          0   (incl. Padding)

    ----------------------------------------------------------------------

      Code (inc. data)   RO Data    RW Data    ZI Data      Debug   Library Member Name

         0          0          0          0          0          0   entry.o
         0          0          0          0          0          0   entry10a.o
         0          0          0          0          0          0   entry11a.o
         4          0          0          0          0          0   entry12b.o
         8          4          0          0          0          0   entry2.o
         4          0          0          0          0          0   entry5.o
         0          0          0          0          0          0   entry7b.o
         0          0          0          0          0          0   entry8b.o
         8          4          0          0          0          0   entry9a.o
        30          0          0          0          0          0   handlers.o
        36          8          0          0          0         68   init.o
        30          0          0          0          0         68   llshl.o
        32          0          0          0          0         68   llushr.o
        98          0          0          0          0         92   uldiv.o

    ----------------------------------------------------------------------
       252         16          0          0          0        296   Library Totals
         2          0          0          0          0          0   (incl. Padding)

    ----------------------------------------------------------------------

      Code (inc. data)   RO Data    RW Data    ZI Data      Debug   Library Name

       250         16          0          0          0        296   mc_w.l

    ----------------------------------------------------------------------
       252         16          0          0          0        296   Library Totals

    ----------------------------------------------------------------------

==============================================================================


      Code (inc. data)   RO Data    RW Data    ZI Data      Debug   

     14152        852        528        104       2304     852450   Grand Totals
     14152        852        528        104       2304     852450   ELF Image Totals
     14152        852        528        104          0          0   ROM Totals

==============================================================================

    Total RO  Size (Code + RO Data)                14680 (  14.34kB)
    Total RW  Size (RW Data + ZI Data)              2408 (   2.35kB)
    Total ROM Size (Code + RO Data + RW Data)      14784 (  14.44kB)

==============================================================================

